Archive member included to satisfy reference by file (symbol)

../../libraries/bl702_driver/libbl702_driver.a(hal_clock.c.obj)
                              CMakeFiles/blink_baremetal_bl702.elf.dir/D_/Documentos/REPOS/Github/M0Sense-BL702-Autocontenido/bl_mcu_sdk/bsp/board/bl702/board.c.obj (system_clock_init)
../../libraries/bl702_driver/libbl702_driver.a(hal_common.c.obj)
                              CMakeFiles/blink_baremetal_bl702.elf.dir/D_/Documentos/REPOS/Github/M0Sense-BL702-Autocontenido/bl_mcu_sdk/bsp/bsp_common/platform/bflb_platform.c.obj (cpu_global_irq_enable)
../../libraries/bl702_driver/libbl702_driver.a(hal_flash.c.obj)
                              CMakeFiles/blink_baremetal_bl702.elf.dir/D_/Documentos/REPOS/Github/M0Sense-BL702-Autocontenido/bl_mcu_sdk/bsp/bsp_common/platform/bflb_platform.c.obj (flash_get_jedecid)
../../libraries/bl702_driver/libbl702_driver.a(hal_gpio.c.obj)
                              CMakeFiles/blink_baremetal_bl702.elf.dir/main.c.obj (gpio_set_mode)
../../libraries/bl702_driver/libbl702_driver.a(hal_mtimer.c.obj)
                              CMakeFiles/blink_baremetal_bl702.elf.dir/D_/Documentos/REPOS/Github/M0Sense-BL702-Autocontenido/bl_mcu_sdk/bsp/bsp_common/platform/bflb_platform.c.obj (mtimer_set_alarm_time)
../../libraries/bl702_driver/libbl702_driver.a(hal_uart.c.obj)
                              CMakeFiles/blink_baremetal_bl702.elf.dir/D_/Documentos/REPOS/Github/M0Sense-BL702-Autocontenido/bl_mcu_sdk/bsp/bsp_common/platform/bflb_platform.c.obj (uart_register)
../../libraries/bl702_driver/libbl702_driver.a(hal_usb.c.obj)
                              CMakeFiles/blink_baremetal_bl702.elf.dir/D_/Documentos/REPOS/Github/M0Sense-BL702-Autocontenido/bl_mcu_sdk/bsp/bsp_common/platform/syscalls.c.obj (usb_dc_ep_write)
../../libraries/bl702_driver/libbl702_driver.a(entry.S.obj)
                              (_enter)
../../libraries/bl702_driver/libbl702_driver.a(start_load.c.obj)
                              ../../libraries/bl702_driver/libbl702_driver.a(entry.S.obj) (start_load)
../../libraries/bl702_driver/libbl702_driver.a(interrupt.c.obj)
                              ../../libraries/bl702_driver/libbl702_driver.a(hal_gpio.c.obj) (Interrupt_Handler_Register)
../../libraries/bl702_driver/libbl702_driver.a(system_bl702.c.obj)
                              ../../libraries/bl702_driver/libbl702_driver.a(entry.S.obj) (SystemInit)
../../libraries/bl702_driver/libbl702_driver.a(bl702_ef_ctrl.c.obj)
                              ../../libraries/bl702_driver/libbl702_driver.a(hal_common.c.obj) (EF_Ctrl_Read_MAC_Address)
../../libraries/bl702_driver/libbl702_driver.a(bl702_glb.c.obj)
                              ../../libraries/bl702_driver/libbl702_driver.a(hal_clock.c.obj) (GLB_Set_System_CLK_Div)
../../libraries/bl702_driver/libbl702_driver.a(bl702_hbn.c.obj)
                              ../../libraries/bl702_driver/libbl702_driver.a(hal_clock.c.obj) (HBN_32K_Sel)
../../libraries/bl702_driver/libbl702_driver.a(bl702_l1c.c.obj)
                              ../../libraries/bl702_driver/libbl702_driver.a(hal_common.c.obj) (L1C_Cache_Flush_Ext)
../../libraries/bl702_driver/libbl702_driver.a(bl702_pds.c.obj)
                              ../../libraries/bl702_driver/libbl702_driver.a(hal_clock.c.obj) (PDS_Set_Audio_PLL_Freq)
../../libraries/bl702_driver/libbl702_driver.a(bl702_romapi.c.obj)
                              ../../libraries/bl702_driver/libbl702_driver.a(bl702_hbn.c.obj) (AON_Power_Off_XTAL)
../../libraries/bl702_driver/libbl702_driver.a(bl702_sec_eng.c.obj)
                              ../../libraries/bl702_driver/libbl702_driver.a(hal_common.c.obj) (Sec_Eng_Trng_Enable)
../../libraries/bl702_driver/libbl702_driver.a(bl702_sf_cfg_ext.c.obj)
                              ../../libraries/bl702_driver/libbl702_driver.a(hal_flash.c.obj) (SF_Cfg_Get_Flash_Cfg_Need_Lock_Ext)
../../libraries/bl702_driver/libbl702_driver.a(bl702_uart.c.obj)
                              ../../libraries/bl702_driver/libbl702_driver.a(hal_uart.c.obj) (UART_Init)
../../libraries/bl702_driver/libbl702_driver.a(bl702_usb.c.obj)
                              ../../libraries/bl702_driver/libbl702_driver.a(hal_usb.c.obj) (USB_Enable)
../../libraries/bl702_driver/libbl702_driver.a(bl702_xip_sflash.c.obj)
                              ../../libraries/bl702_driver/libbl702_driver.a(hal_flash.c.obj) (XIP_SFlash_Opt_Enter)
../../libraries/bl702_driver/libbl702_driver.a(bl702_xip_sflash_ext.c.obj)
                              ../../libraries/bl702_driver/libbl702_driver.a(hal_flash.c.obj) (XIP_SFlash_KH25V40_Write_Protect_Need_Lock)
../../libraries/bl702_driver/libbl702_driver.a(hal_dma.c.obj)
                              ../../libraries/bl702_driver/libbl702_driver.a(hal_uart.c.obj) (dma_reload)
../../libraries/bl702_driver/libbl702_driver.a(bl702_dma.c.obj)
                              ../../libraries/bl702_driver/libbl702_driver.a(hal_dma.c.obj) (DMA_Enable)
[...]
Memory Configuration

Name             Origin             Length             Attributes
xip_memory       0x0000000023000000 0x0000000000100000 xr
dtcm_memory      0x0000000042014000 0x0000000000002000 xr
ram_memory       0x0000000042016000 0x000000000001a000 !xr
hbn_memory       0x0000000040010000 0x0000000000000e00 xr
*default*        0x0000000000000000 0xffffffffffffffff

Linker script and memory map

LOAD CMakeFiles/blink_baremetal_bl702.elf.dir/main.c.obj
LOAD CMakeFiles/blink_baremetal_bl702.elf.dir/D_/Documentos/REPOS/Github/M0Sense-BL702-Autocontenido/bl_mcu_sdk/bsp/bsp_common/platform/bflb_platform.c.obj
LOAD CMakeFiles/blink_baremetal_bl702.elf.dir/D_/Documentos/REPOS/Github/M0Sense-BL702-Autocontenido/bl_mcu_sdk/bsp/bsp_common/platform/syscalls.c.obj
LOAD CMakeFiles/blink_baremetal_bl702.elf.dir/D_/Documentos/REPOS/Github/M0Sense-BL702-Autocontenido/bl_mcu_sdk/bsp/board/bl702/board.c.obj
LOAD ../../libraries/bl702_driver/libbl702_driver.a
LOAD c:/riscv64-tools/bin/../lib/gcc/riscv64-unknown-elf/10.2.0/../../../../riscv64-unknown-elf/lib/rv32imafc/ilp32f\libc_nano.a
LOAD ../../libraries/usb_stack/libusb_stack.a
LOAD ../../libraries/shell/libshell.a
LOAD ../../libraries/usb_stdio/libusb_stdio.a
LOAD c:/riscv64-tools/bin/../lib/gcc/riscv64-unknown-elf/10.2.0/../../../../riscv64-unknown-elf/lib/rv32imafc/ilp32f\libm_nano.a
LOAD ../../libraries/bl702_driver/libbl702_driver.a
LOAD ../../libraries/common/libcommon.a
LOAD ../../libraries/usb_stack/libusb_stack.a
LOAD ../../libraries/shell/libshell.a
LOAD c:/riscv64-tools/bin/../lib/gcc/riscv64-unknown-elf/10.2.0/rv32imafc/ilp32f\libgcc.a
LOAD c:/riscv64-tools/bin/../lib/gcc/riscv64-unknown-elf/10.2.0/../../../../riscv64-unknown-elf/lib/rv32imafc/ilp32f\libg_nano.a
LOAD c:/riscv64-tools/bin/../lib/gcc/riscv64-unknown-elf/10.2.0/../../../../riscv64-unknown-elf/lib/rv32imafc/ilp32f\libc_nano.a
LOAD c:/riscv64-tools/bin/../lib/gcc/riscv64-unknown-elf/10.2.0/rv32imafc/ilp32f\libgcc.a
START GROUP
LOAD c:/riscv64-tools/bin/../lib/gcc/riscv64-unknown-elf/10.2.0/rv32imafc/ilp32f\libgcc.a
LOAD c:/riscv64-tools/bin/../lib/gcc/riscv64-unknown-elf/10.2.0/../../../../riscv64-unknown-elf/lib/rv32imafc/ilp32f\libc_nano.a
LOAD c:/riscv64-tools/bin/../lib/gcc/riscv64-unknown-elf/10.2.0/../../../../riscv64-unknown-elf/lib/rv32imafc/ilp32f\libgloss_nano.a
END GROUP
                0x0000000000001000                StackSize = 0x1000
                0x0000000000000000                PROVIDE (__metal_chicken_bit = 0x0)

.text           0x0000000023000000     0xd494
                0x0000000023000000                . = ALIGN (0x4)
                0x0000000023000000                __text_code_start__ = .
 *(.text.metal.init.enter)
 .text.metal.init.enter
                0x0000000023000000       0x70 ../../libraries/bl702_driver/libbl702_driver.a(entry.S.obj)
                0x0000000023000000                _enter
 *(SORT_NONE(.init))
 *fill*         0x0000000023000070       0x10 
 .init          0x0000000023000080      0x142 ../../libraries/bl702_driver/libbl702_driver.a(interrupt.c.obj)
                0x0000000023000080                __Vectors
                0x00000000230001c4                . = ALIGN (0x4)
 *fill*         0x00000000230001c2        0x2 
                0x00000000230001c4                __fsymtab_start = .
 *(FSymTab)
 FSymTab        0x00000000230001c4       0x10 ../../libraries/shell/libshell.a(shell.c.obj)
                0x00000000230001c4                __fsym___cmd_memtrace
                0x00000000230001cc                __fsym___cmd_help
                0x00000000230001d4                __fsymtab_end = .
                0x00000000230001d4                . = ALIGN (0x4)
                0x00000000230001d4                __vsymtab_start = .
 *(VSymTab)
                0x00000000230001d4                __vsymtab_end = .
                0x00000000230001d4                . = ALIGN (0x4)
                0x00000000230001d4                _usb_desc_start = .
 *(usb_desc)
 usb_desc       0x00000000230001d4       0xae ../../libraries/usb_stdio/libusb_stdio.a(usb_stdio.c.obj)
                0x0000000023000284                . = ALIGN (0x4)
 *fill*         0x0000000023000282        0x2 
                0x0000000023000284                _usb_desc_end = .
 *(.text)
 .text          0x0000000023000284       0xa8 c:/riscv64-tools/bin/../lib/gcc/riscv64-unknown-elf/10.2.0/../../../../riscv64-unknown-elf/lib/rv32imafc/ilp32f\libc_nano.a(lib_a-memset.o)
                0x0000000023000284                memset
 .text          0x000000002300032c       0x3c c:/riscv64-tools/bin/../lib/gcc/riscv64-unknown-elf/10.2.0/rv32imafc/ilp32f\libgcc.a(_ctzsi2.o)
                0x000000002300032c                __ctzsi2
 .text          0x0000000023000368      0x360 c:/riscv64-tools/bin/../lib/gcc/riscv64-unknown-elf/10.2.0/rv32imafc/ilp32f\libgcc.a(_udivdi3.o)
                0x0000000023000368                __udivdi3
 .text          0x00000000230006c8      0x8aa c:/riscv64-tools/bin/../lib/gcc/riscv64-unknown-elf/10.2.0/rv32imafc/ilp32f\libgcc.a(adddf3.o)
                0x00000000230006c8                __adddf3
 .text          0x0000000023000f72      0x68a c:/riscv64-tools/bin/../lib/gcc/riscv64-unknown-elf/10.2.0/rv32imafc/ilp32f\libgcc.a(divdf3.o)
                0x0000000023000f72                __divdf3
 .text          0x00000000230015fc       0xa4 c:/riscv64-tools/bin/../lib/gcc/riscv64-unknown-elf/10.2.0/rv32imafc/ilp32f\libgcc.a(eqdf2.o)
                0x00000000230015fc                __nedf2
                0x00000000230015fc                __eqdf2
 .text          0x00000000230016a0       0xae c:/riscv64-tools/bin/../lib/gcc/riscv64-unknown-elf/10.2.0/rv32imafc/ilp32f\libgcc.a(gedf2.o)
                0x00000000230016a0                __gedf2
                0x00000000230016a0                __gtdf2
 .text          0x000000002300174e       0xae c:/riscv64-tools/bin/../lib/gcc/riscv64-unknown-elf/10.2.0/rv32imafc/ilp32f\libgcc.a(ledf2.o)
                0x000000002300174e                __ledf2
                0x000000002300174e                __ltdf2
 .text          0x00000000230017fc      0x59c c:/riscv64-tools/bin/../lib/gcc/riscv64-unknown-elf/10.2.0/rv32imafc/ilp32f\libgcc.a(muldf3.o)
                0x00000000230017fc                __muldf3
 .text          0x0000000023001d98      0x8b4 c:/riscv64-tools/bin/../lib/gcc/riscv64-unknown-elf/10.2.0/rv32imafc/ilp32f\libgcc.a(subdf3.o)
                0x0000000023001d98                __subdf3
 .text          0x000000002300264c       0x7a c:/riscv64-tools/bin/../lib/gcc/riscv64-unknown-elf/10.2.0/rv32imafc/ilp32f\libgcc.a(unorddf2.o)
                0x000000002300264c                __unorddf2
 .text          0x00000000230026c6       0xc4 c:/riscv64-tools/bin/../lib/gcc/riscv64-unknown-elf/10.2.0/rv32imafc/ilp32f\libgcc.a(fixdfsi.o)
                0x00000000230026c6                __fixdfsi
 .text          0x000000002300278a       0x66 c:/riscv64-tools/bin/../lib/gcc/riscv64-unknown-elf/10.2.0/rv32imafc/ilp32f\libgcc.a(floatsidf.o)
                0x000000002300278a                __floatsidf
 .text          0x00000000230027f0       0x4e c:/riscv64-tools/bin/../lib/gcc/riscv64-unknown-elf/10.2.0/rv32imafc/ilp32f\libgcc.a(floatunsidf.o)
                0x00000000230027f0                __floatunsidf
 .text          0x000000002300283e      0x384 c:/riscv64-tools/bin/../lib/gcc/riscv64-unknown-elf/10.2.0/rv32imafc/ilp32f\libgcc.a(trunctfdf2.o)
                0x000000002300283e                __trunctfdf2
 .text          0x0000000023002bc2       0x3c c:/riscv64-tools/bin/../lib/gcc/riscv64-unknown-elf/10.2.0/rv32imafc/ilp32f\libgcc.a(_clzsi2.o)
                0x0000000023002bc2                __clzsi2
 .text          0x0000000023002bfe      0x340 c:/riscv64-tools/bin/../lib/gcc/riscv64-unknown-elf/10.2.0/rv32imafc/ilp32f\libgcc.a(_umoddi3.o)
                0x0000000023002bfe                __umoddi3
 *(.text.*)
 .text.startup.main
                0x0000000023002f3e       0xbe CMakeFiles/blink_baremetal_bl702.elf.dir/main.c.obj
                0x0000000023002f3e                main
 .text.board_get_debug_uart_index
                0x0000000023002ffc        0x4 CMakeFiles/blink_baremetal_bl702.elf.dir/D_/Documentos/REPOS/Github/M0Sense-BL702-Autocontenido/bl_mcu_sdk/bsp/bsp_common/platform/bflb_platform.c.obj
                0x0000000023002ffc                board_get_debug_uart_index
 .text.bflb_platform_printf
                0x0000000023003000       0x5c CMakeFiles/blink_baremetal_bl702.elf.dir/D_/Documentos/REPOS/Github/M0Sense-BL702-Autocontenido/bl_mcu_sdk/bsp/bsp_common/platform/bflb_platform.c.obj
                0x0000000023003000                bflb_platform_printf
 .text.bl_show_flashinfo
                0x000000002300305c       0xf6 CMakeFiles/blink_baremetal_bl702.elf.dir/D_/Documentos/REPOS/Github/M0Sense-BL702-Autocontenido/bl_mcu_sdk/bsp/bsp_common/platform/bflb_platform.c.obj
                0x000000002300305c                bl_show_flashinfo
 .text.bflb_platform_init
                0x0000000023003152       0xd8 CMakeFiles/blink_baremetal_bl702.elf.dir/D_/Documentos/REPOS/Github/M0Sense-BL702-Autocontenido/bl_mcu_sdk/bsp/bsp_common/platform/bflb_platform.c.obj
                0x0000000023003152                bflb_platform_init
 .text.__errno  0x000000002300322a        0x6 CMakeFiles/blink_baremetal_bl702.elf.dir/D_/Documentos/REPOS/Github/M0Sense-BL702-Autocontenido/bl_mcu_sdk/bsp/bsp_common/platform/syscalls.c.obj
                0x000000002300322a                __errno
 .text._getpid_r
                0x0000000023003230        0x4 CMakeFiles/blink_baremetal_bl702.elf.dir/D_/Documentos/REPOS/Github/M0Sense-BL702-Autocontenido/bl_mcu_sdk/bsp/bsp_common/platform/syscalls.c.obj
                0x0000000023003230                _getpid_r
 .text._fstat_r
                0x0000000023003234        0xa CMakeFiles/blink_baremetal_bl702.elf.dir/D_/Documentos/REPOS/Github/M0Sense-BL702-Autocontenido/bl_mcu_sdk/bsp/bsp_common/platform/syscalls.c.obj
                0x0000000023003234                _fstat_r
 .text._isatty_r
                0x000000002300323e        0xa CMakeFiles/blink_baremetal_bl702.elf.dir/D_/Documentos/REPOS/Github/M0Sense-BL702-Autocontenido/bl_mcu_sdk/bsp/bsp_common/platform/syscalls.c.obj
                0x000000002300323e                _isatty_r
 .text._kill_r  0x0000000023003248        0xa CMakeFiles/blink_baremetal_bl702.elf.dir/D_/Documentos/REPOS/Github/M0Sense-BL702-Autocontenido/bl_mcu_sdk/bsp/bsp_common/platform/syscalls.c.obj
                0x0000000023003248                _kill_r
 .text._lseek_r
                0x0000000023003252        0xa CMakeFiles/blink_baremetal_bl702.elf.dir/D_/Documentos/REPOS/Github/M0Sense-BL702-Autocontenido/bl_mcu_sdk/bsp/bsp_common/platform/syscalls.c.obj
                0x0000000023003252                _lseek_r
 .text._close_r
                0x000000002300325c        0xa CMakeFiles/blink_baremetal_bl702.elf.dir/D_/Documentos/REPOS/Github/M0Sense-BL702-Autocontenido/bl_mcu_sdk/bsp/bsp_common/platform/syscalls.c.obj
                0x000000002300325c                _close_r
 .text._read_r  0x0000000023003266        0xa CMakeFiles/blink_baremetal_bl702.elf.dir/D_/Documentos/REPOS/Github/M0Sense-BL702-Autocontenido/bl_mcu_sdk/bsp/bsp_common/platform/syscalls.c.obj
                0x0000000023003266                _read_r
 .text._write_r
                0x0000000023003270       0x32 CMakeFiles/blink_baremetal_bl702.elf.dir/D_/Documentos/REPOS/Github/M0Sense-BL702-Autocontenido/bl_mcu_sdk/bsp/bsp_common/platform/syscalls.c.obj
                0x0000000023003270                _write_r
 .text._malloc_r
                0x00000000230032a2       0x26 CMakeFiles/blink_baremetal_bl702.elf.dir/D_/Documentos/REPOS/Github/M0Sense-BL702-Autocontenido/bl_mcu_sdk/bsp/bsp_common/platform/syscalls.c.obj
                0x00000000230032a2                _malloc_r
 .text._realloc_r
                0x00000000230032c8       0x26 CMakeFiles/blink_baremetal_bl702.elf.dir/D_/Documentos/REPOS/Github/M0Sense-BL702-Autocontenido/bl_mcu_sdk/bsp/bsp_common/platform/syscalls.c.obj
                0x00000000230032c8                _realloc_r
 .text._calloc_r
                0x00000000230032ee       0x26 CMakeFiles/blink_baremetal_bl702.elf.dir/D_/Documentos/REPOS/Github/M0Sense-BL702-Autocontenido/bl_mcu_sdk/bsp/bsp_common/platform/syscalls.c.obj
                0x00000000230032ee                _calloc_r
 .text._free_r  0x0000000023003314        0x8 CMakeFiles/blink_baremetal_bl702.elf.dir/D_/Documentos/REPOS/Github/M0Sense-BL702-Autocontenido/bl_mcu_sdk/bsp/bsp_common/platform/syscalls.c.obj
                0x0000000023003314                _free_r
 .text._exit    0x000000002300331c        0x2 CMakeFiles/blink_baremetal_bl702.elf.dir/D_/Documentos/REPOS/Github/M0Sense-BL702-Autocontenido/bl_mcu_sdk/bsp/bsp_common/platform/syscalls.c.obj
                0x000000002300331c                _exit
 .text.bl_show_info
                0x000000002300331e       0x7c CMakeFiles/blink_baremetal_bl702.elf.dir/D_/Documentos/REPOS/Github/M0Sense-BL702-Autocontenido/bl_mcu_sdk/bsp/board/bl702/board.c.obj
                0x000000002300331e                bl_show_info
 .text.board_init
                0x000000002300339a      0x29a CMakeFiles/blink_baremetal_bl702.elf.dir/D_/Documentos/REPOS/Github/M0Sense-BL702-Autocontenido/bl_mcu_sdk/bsp/board/bl702/board.c.obj
                0x000000002300339a                board_init
 .text.system_clock_init
                0x0000000023003634       0xd2 ../../libraries/bl702_driver/libbl702_driver.a(hal_clock.c.obj)
                0x0000000023003634                system_clock_init
 .text.peripheral_clock_init
                0x0000000023003706      0x120 ../../libraries/bl702_driver/libbl702_driver.a(hal_clock.c.obj)
                0x0000000023003706                peripheral_clock_init
 .text.system_clock_get
                0x0000000023003826      0x1a4 ../../libraries/bl702_driver/libbl702_driver.a(hal_clock.c.obj)
                0x0000000023003826                system_clock_get
 .text.peripheral_clock_get
                0x00000000230039ca      0x2ee ../../libraries/bl702_driver/libbl702_driver.a(hal_clock.c.obj)
                0x00000000230039ca                peripheral_clock_get
 .text.flash_get_jedecid
                0x0000000023003cb8       0x22 ../../libraries/bl702_driver/libbl702_driver.a(hal_flash.c.obj)
                0x0000000023003cb8                flash_get_jedecid
 .text.flash_get_cfg
                0x0000000023003cda       0x10 ../../libraries/bl702_driver/libbl702_driver.a(hal_flash.c.obj)
                0x0000000023003cda                flash_get_cfg
 .text.gpio_set_mode
                0x0000000023003cea      0x15c ../../libraries/bl702_driver/libbl702_driver.a(hal_gpio.c.obj)
                0x0000000023003cea                gpio_set_mode
 .text.gpio_write
                0x0000000023003e46       0x2c ../../libraries/bl702_driver/libbl702_driver.a(hal_gpio.c.obj)
                0x0000000023003e46                gpio_write
 .text.mtimer_delay_ms
                0x0000000023003e72       0xae ../../libraries/bl702_driver/libbl702_driver.a(hal_mtimer.c.obj)
                0x0000000023003e72                mtimer_delay_ms
 .text.uart_open
                0x0000000023003f20      0x10c ../../libraries/bl702_driver/libbl702_driver.a(hal_uart.c.obj)
                0x0000000023003f20                uart_open
 .text.uart_close
                0x000000002300402c       0x48 ../../libraries/bl702_driver/libbl702_driver.a(hal_uart.c.obj)
                0x000000002300402c                uart_close
 .text.uart_control
                0x0000000023004074      0x264 ../../libraries/bl702_driver/libbl702_driver.a(hal_uart.c.obj)
                0x0000000023004074                uart_control
 .text.uart_write
                0x00000000230042d8       0x84 ../../libraries/bl702_driver/libbl702_driver.a(hal_uart.c.obj)
                0x00000000230042d8                uart_write
 .text.uart_read
                0x000000002300435c       0x80 ../../libraries/bl702_driver/libbl702_driver.a(hal_uart.c.obj)
                0x000000002300435c                uart_read
 .text.uart_register
                0x00000000230043dc       0x52 ../../libraries/bl702_driver/libbl702_driver.a(hal_uart.c.obj)
                0x00000000230043dc                uart_register
 .text.uart_isr
                0x000000002300442e      0x170 ../../libraries/bl702_driver/libbl702_driver.a(hal_uart.c.obj)
                0x000000002300442e                uart_isr
 .text.UART1_IRQ
                0x000000002300459e        0x6 ../../libraries/bl702_driver/libbl702_driver.a(hal_uart.c.obj)
 .text.UART0_IRQ
                0x00000000230045a4        0xa ../../libraries/bl702_driver/libbl702_driver.a(hal_uart.c.obj)
 .text.usb_control
                0x00000000230045ae      0x158 ../../libraries/bl702_driver/libbl702_driver.a(hal_usb.c.obj)
                0x00000000230045ae                usb_control
 .text.usb_write
                0x0000000023004706       0x9c ../../libraries/bl702_driver/libbl702_driver.a(hal_usb.c.obj)
                0x0000000023004706                usb_write
 .text.usb_read
                0x00000000230047a2       0xa4 ../../libraries/bl702_driver/libbl702_driver.a(hal_usb.c.obj)
                0x00000000230047a2                usb_read
 .text.usb_open
                0x0000000023004846      0x180 ../../libraries/bl702_driver/libbl702_driver.a(hal_usb.c.obj)
                0x0000000023004846                usb_open
 .text.usb_close
                0x00000000230049c6       0x66 ../../libraries/bl702_driver/libbl702_driver.a(hal_usb.c.obj)
                0x00000000230049c6                usb_close
 .text.usb_dc_register
                0x0000000023004a2c       0x48 ../../libraries/bl702_driver/libbl702_driver.a(hal_usb.c.obj)
                0x0000000023004a2c                usb_dc_register
 .text.usb_dc_set_dev_address
                0x0000000023004a74       0x10 ../../libraries/bl702_driver/libbl702_driver.a(hal_usb.c.obj)
                0x0000000023004a74                usb_dc_set_dev_address
 .text.usb_dc_ep_open
                0x0000000023004a84      0x10a ../../libraries/bl702_driver/libbl702_driver.a(hal_usb.c.obj)
                0x0000000023004a84                usb_dc_ep_open
 .text.usb_dc_ep_close
                0x0000000023004b8e        0x4 ../../libraries/bl702_driver/libbl702_driver.a(hal_usb.c.obj)
                0x0000000023004b8e                usb_dc_ep_close
 .text.usb_dc_ep_set_stall
                0x0000000023004b92      0x10e ../../libraries/bl702_driver/libbl702_driver.a(hal_usb.c.obj)
                0x0000000023004b92                usb_dc_ep_set_stall
 .text.usb_dc_ep_clear_stall
                0x0000000023004ca0      0x12a ../../libraries/bl702_driver/libbl702_driver.a(hal_usb.c.obj)
                0x0000000023004ca0                usb_dc_ep_clear_stall
 .text.usb_dc_ep_is_stalled
                0x0000000023004dca       0x60 ../../libraries/bl702_driver/libbl702_driver.a(hal_usb.c.obj)
                0x0000000023004dca                usb_dc_ep_is_stalled
 .text.usb_dc_ep_write
                0x0000000023004e2a      0x12a ../../libraries/bl702_driver/libbl702_driver.a(hal_usb.c.obj)
                0x0000000023004e2a                usb_dc_ep_write
 .text.usb_dc_ep_read
                0x0000000023004f54       0xbc ../../libraries/bl702_driver/libbl702_driver.a(hal_usb.c.obj)
                0x0000000023004f54                usb_dc_ep_read
 .text.usb_dc_isr
                0x0000000023005010      0x1cc ../../libraries/bl702_driver/libbl702_driver.a(hal_usb.c.obj)
                0x0000000023005010                usb_dc_isr
 .text.USB_FS_IRQ
                0x00000000230051dc        0x6 ../../libraries/bl702_driver/libbl702_driver.a(hal_usb.c.obj)
 .text.start_load
                0x00000000230051e2       0xe2 ../../libraries/bl702_driver/libbl702_driver.a(start_load.c.obj)
                0x00000000230051e2                start_load
 .text.Trap_Handler
                0x00000000230052c4      0x136 ../../libraries/bl702_driver/libbl702_driver.a(interrupt.c.obj)
                0x00000000230052c4                Trap_Handler
 .text.Interrupt_Handler
                0x00000000230053fa       0x8c ../../libraries/bl702_driver/libbl702_driver.a(interrupt.c.obj)
                0x00000000230053fa                Interrupt_Handler
 .text.Interrupt_Handler_Stub
                0x0000000023005486       0x9a ../../libraries/bl702_driver/libbl702_driver.a(interrupt.c.obj)
                0x0000000023005486                TIMER_WDT_IRQHandler_Wrapper
                0x0000000023005486                GPIO_INT0_IRQHandler_Wrapper
                0x0000000023005486                SEC_PKA_IRQHandler_Wrapper
                0x0000000023005486                SEC_TRNG_IRQHandler_Wrapper
                0x0000000023005486                MAC_GEN_IRQHandler_Wrapper
                0x0000000023005486                DMA_BMX_ERR_IRQHandler_Wrapper
                0x0000000023005486                EFUSE_IRQHandler_Wrapper
                0x0000000023005486                KYS_IRQHandler_Wrapper
                0x0000000023005486                WIFI_IRQHandler_Wrapper
                0x0000000023005486                SEC_CDET_IRQHandler_Wrapper
                0x0000000023005486                I2S_IRQHandler_Wrapper
                0x0000000023005486                SEC_AES_IRQHandler_Wrapper
                0x0000000023005486                PWM_IRQHandler_Wrapper
                0x0000000023005486                RF_TOP_INT1_IRQHandler_Wrapper
                0x0000000023005486                HBN_OUT0_IRQHandler_Wrapper
                0x0000000023005486                SF_CTRL_IRQHandler_Wrapper
                0x0000000023005486                TIMER_CH0_IRQHandler_Wrapper
                0x0000000023005486                clic_mext_handler_Wrapper
                0x0000000023005486                MAC_TXRX_TIMER_IRQHandler_Wrapper
                0x0000000023005486                Interrupt_Handler_Stub
                0x0000000023005486                clic_csoft_handler_Wrapper
                0x0000000023005486                M154_AES_IRQHandler_Wrapper
                0x0000000023005486                I2C_IRQHandler_Wrapper
                0x0000000023005486                SPI_IRQHandler_Wrapper
                0x0000000023005486                MAC_PORT_TRG_IRQHandler_Wrapper
                0x0000000023005486                PDS_WAKEUP_IRQHandler_Wrapper
                0x0000000023005486                clic_mtimer_handler_Wrapper
                0x0000000023005486                L1C_BMX_ERR_IRQHandler_Wrapper
                0x0000000023005486                SEC_BMX_ERR_IRQHandler_Wrapper
                0x0000000023005486                TOUCH_IRQHandler_Wrapper
                0x0000000023005486                QDEC2_IRQHandler_Wrapper
                0x0000000023005486                MAC_RX_TRG_IRQHandler_Wrapper
                0x0000000023005486                MAC_TX_TRG_IRQHandler_Wrapper
                0x0000000023005486                EMAC_IRQHandler_Wrapper
                0x0000000023005486                MJPEG_IRQHandler_Wrapper
                0x0000000023005486                HBN_OUT1_IRQHandler_Wrapper
                0x0000000023005486                M154_REQ_ENH_ACK_IRQHandler_Wrapper
                0x0000000023005486                SEC_GMAC_IRQHandler_Wrapper
                0x0000000023005486                clic_msip_handler_Wrapper
                0x0000000023005486                UART1_IRQHandler_Wrapper
                0x0000000023005486                GPADC_DMA_IRQHandler_Wrapper
                0x0000000023005486                MAC_TXRX_MISC_IRQHandler_Wrapper
                0x0000000023005486                DMA_ALL_IRQHandler_Wrapper
                0x0000000023005486                CAM_IRQHandler_Wrapper
                0x0000000023005486                QDEC0_IRQHandler_Wrapper
                0x0000000023005486                BLE_IRQHandler_Wrapper
                0x0000000023005486                SEC_SHA_IRQHandler_Wrapper
                0x0000000023005486                IRRX_IRQHandler_Wrapper
                0x0000000023005486                BMX_TO_IRQHandler_Wrapper
                0x0000000023005486                TIMER_CH1_IRQHandler_Wrapper
                0x0000000023005486                UART0_IRQHandler_Wrapper
                0x0000000023005486                BMX_ERR_IRQHandler_Wrapper
                0x0000000023005486                WIFI_IPC_PUBLIC_IRQHandler_Wrapper
                0x0000000023005486                USB_IRQHandler_Wrapper
                0x0000000023005486                L1C_BMX_TO_IRQHandler_Wrapper
                0x0000000023005486                QDEC1_IRQHandler_Wrapper
                0x0000000023005486                BZ_PHY_IRQHandler_Wrapper
                0x0000000023005486                RF_TOP_INT0_IRQHandler_Wrapper
                0x0000000023005486                M154_IRQHandler_Wrapper
                0x0000000023005486                IRTX_IRQHandler_Wrapper
                0x0000000023005486                BOR_IRQHandler_Wrapper
 *fill*         0x0000000023005520       0x20 
 .text.Trap_Handler_Stub
                0x0000000023005540       0xbe ../../libraries/bl702_driver/libbl702_driver.a(interrupt.c.obj)
                0x0000000023005540                Trap_Handler_Stub
 .text.Interrupt_Handler_Register
                0x00000000230055fe       0x14 ../../libraries/bl702_driver/libbl702_driver.a(interrupt.c.obj)
                0x00000000230055fe                Interrupt_Handler_Register
 .text.clic_enable_interrupt
                0x0000000023005612       0x12 ../../libraries/bl702_driver/libbl702_driver.a(interrupt.c.obj)
                0x0000000023005612                clic_enable_interrupt
 .text.clic_disable_interrupt
                0x0000000023005624       0x10 ../../libraries/bl702_driver/libbl702_driver.a(interrupt.c.obj)
                0x0000000023005624                clic_disable_interrupt
 .text.SystemInit
                0x0000000023005634       0xce ../../libraries/bl702_driver/libbl702_driver.a(system_bl702.c.obj)
                0x0000000023005634                SystemInit
 .text.System_Post_Init
                0x0000000023005702       0x18 ../../libraries/bl702_driver/libbl702_driver.a(system_bl702.c.obj)
                0x0000000023005702                System_Post_Init
 .text.GLB_Set_I2S_CLK
                0x000000002300571a       0x34 ../../libraries/bl702_driver/libbl702_driver.a(bl702_glb.c.obj)
                0x000000002300571a                GLB_Set_I2S_CLK
 .text.GLB_Set_USB_CLK
                0x000000002300574e       0x22 ../../libraries/bl702_driver/libbl702_driver.a(bl702_glb.c.obj)
                0x000000002300574e                GLB_Set_USB_CLK
 .text.GLB_Set_QDEC_CLK
                0x0000000023005770       0x16 ../../libraries/bl702_driver/libbl702_driver.a(bl702_glb.c.obj)
                0x0000000023005770                GLB_Set_QDEC_CLK
 .text.GLB_Set_UART_CLK
                0x0000000023005786       0x3e ../../libraries/bl702_driver/libbl702_driver.a(bl702_glb.c.obj)
                0x0000000023005786                GLB_Set_UART_CLK
 .text.GLB_Set_Chip_Out_0_CLK_Sel
                0x00000000230057c4       0x18 ../../libraries/bl702_driver/libbl702_driver.a(bl702_glb.c.obj)
                0x00000000230057c4                GLB_Set_Chip_Out_0_CLK_Sel
 .text.GLB_Set_Chip_Out_1_CLK_Sel
                0x00000000230057dc       0x16 ../../libraries/bl702_driver/libbl702_driver.a(bl702_glb.c.obj)
                0x00000000230057dc                GLB_Set_Chip_Out_1_CLK_Sel
 .text.GLB_Set_I2C_CLK
                0x00000000230057f2       0x3a ../../libraries/bl702_driver/libbl702_driver.a(bl702_glb.c.obj)
                0x00000000230057f2                GLB_Set_I2C_CLK
 .text.GLB_Set_SPI_CLK
                0x000000002300582c       0x22 ../../libraries/bl702_driver/libbl702_driver.a(bl702_glb.c.obj)
                0x000000002300582c                GLB_Set_SPI_CLK
 .text.GLB_AHB_Slave1_Reset
                0x000000002300584e       0x34 ../../libraries/bl702_driver/libbl702_driver.a(bl702_glb.c.obj)
                0x000000002300584e                GLB_AHB_Slave1_Reset
 .text.GLB_Set_MTimer_CLK
                0x0000000023005882       0x4a ../../libraries/bl702_driver/libbl702_driver.a(bl702_glb.c.obj)
                0x0000000023005882                GLB_Set_MTimer_CLK
 .text.GLB_Set_ADC_CLK
                0x00000000230058cc       0x40 ../../libraries/bl702_driver/libbl702_driver.a(bl702_glb.c.obj)
                0x00000000230058cc                GLB_Set_ADC_CLK
 .text.GLB_Set_DAC_CLK
                0x000000002300590c       0x40 ../../libraries/bl702_driver/libbl702_driver.a(bl702_glb.c.obj)
                0x000000002300590c                GLB_Set_DAC_CLK
 .text.GLB_UART_Fun_Sel
                0x000000002300594c       0x24 ../../libraries/bl702_driver/libbl702_driver.a(bl702_glb.c.obj)
                0x000000002300594c                GLB_UART_Fun_Sel
 .text.GLB_GPIO_IntMask
                0x0000000023005970       0x30 ../../libraries/bl702_driver/libbl702_driver.a(bl702_glb.c.obj)
                0x0000000023005970                GLB_GPIO_IntMask
 .text.GLB_Set_GPIO_IntMod
                0x00000000230059a0       0xc0 ../../libraries/bl702_driver/libbl702_driver.a(bl702_glb.c.obj)
                0x00000000230059a0                GLB_Set_GPIO_IntMod
 .text.HBN_Set_UART_CLK_Sel
                0x0000000023005a60       0x12 ../../libraries/bl702_driver/libbl702_driver.a(bl702_hbn.c.obj)
                0x0000000023005a60                HBN_Set_UART_CLK_Sel
 .text.HBN_Set_XCLK_CLK_Sel
                0x0000000023005a72       0x30 ../../libraries/bl702_driver/libbl702_driver.a(bl702_hbn.c.obj)
                0x0000000023005a72                HBN_Set_XCLK_CLK_Sel
 .text.HBN_Set_BOR_Cfg
                0x0000000023005aa2       0x5c ../../libraries/bl702_driver/libbl702_driver.a(bl702_hbn.c.obj)
                0x0000000023005aa2                HBN_Set_BOR_Cfg
 .text.UART_Init
                0x0000000023005afe      0x11e ../../libraries/bl702_driver/libbl702_driver.a(bl702_uart.c.obj)
                0x0000000023005afe                UART_Init
 .text.UART_FifoConfig
                0x0000000023005c1c       0x68 ../../libraries/bl702_driver/libbl702_driver.a(bl702_uart.c.obj)
                0x0000000023005c1c                UART_FifoConfig
 .text.UART_Enable
                0x0000000023005c84       0x36 ../../libraries/bl702_driver/libbl702_driver.a(bl702_uart.c.obj)
                0x0000000023005c84                UART_Enable
 .text.UART_Disable
                0x0000000023005cba       0x32 ../../libraries/bl702_driver/libbl702_driver.a(bl702_uart.c.obj)
                0x0000000023005cba                UART_Disable
 .text.UART_SetRxTimeoutValue
                0x0000000023005cec       0x20 ../../libraries/bl702_driver/libbl702_driver.a(bl702_uart.c.obj)
                0x0000000023005cec                UART_SetRxTimeoutValue
 .text.UART_SetDeglitchCount
                0x0000000023005d0c       0x22 ../../libraries/bl702_driver/libbl702_driver.a(bl702_uart.c.obj)
                0x0000000023005d0c                UART_SetDeglitchCount
 .text.UART_TxFreeRun
                0x0000000023005d2e       0x2a ../../libraries/bl702_driver/libbl702_driver.a(bl702_uart.c.obj)
                0x0000000023005d2e                UART_TxFreeRun
 .text.UART_TxFifoClear
                0x0000000023005d58       0x20 ../../libraries/bl702_driver/libbl702_driver.a(bl702_uart.c.obj)
                0x0000000023005d58                UART_TxFifoClear
 .text.UART_RxFifoClear
                0x0000000023005d78       0x20 ../../libraries/bl702_driver/libbl702_driver.a(bl702_uart.c.obj)
                0x0000000023005d78                UART_RxFifoClear
 .text.UART_IntMask
                0x0000000023005d98       0x4a ../../libraries/bl702_driver/libbl702_driver.a(bl702_uart.c.obj)
                0x0000000023005d98                UART_IntMask
 .text.UART_SendData
                0x0000000023005de2       0x52 ../../libraries/bl702_driver/libbl702_driver.a(bl702_uart.c.obj)
                0x0000000023005de2                UART_SendData
 .text.UART_ReceiveData
                0x0000000023005e34       0x3c ../../libraries/bl702_driver/libbl702_driver.a(bl702_uart.c.obj)
                0x0000000023005e34                UART_ReceiveData
 .text.UART_GetTxFifoCount
                0x0000000023005e70       0x1a ../../libraries/bl702_driver/libbl702_driver.a(bl702_uart.c.obj)
                0x0000000023005e70                UART_GetTxFifoCount
 .text.UART_GetRxFifoCount
                0x0000000023005e8a       0x1c ../../libraries/bl702_driver/libbl702_driver.a(bl702_uart.c.obj)
                0x0000000023005e8a                UART_GetRxFifoCount
 .text.USB_Clr_EPx_STALL.part.0
                0x0000000023005ea6       0xbe ../../libraries/bl702_driver/libbl702_driver.a(bl702_usb.c.obj)
 .text.USB_Enable
                0x0000000023005f64       0x14 ../../libraries/bl702_driver/libbl702_driver.a(bl702_usb.c.obj)
                0x0000000023005f64                USB_Enable
 .text.USB_Disable
                0x0000000023005f78       0x12 ../../libraries/bl702_driver/libbl702_driver.a(bl702_usb.c.obj)
                0x0000000023005f78                USB_Disable
 .text.USB_Set_Config
                0x0000000023005f8a       0x92 ../../libraries/bl702_driver/libbl702_driver.a(bl702_usb.c.obj)
                0x0000000023005f8a                USB_Set_Config
 .text.USB_Set_Device_Addr
                0x000000002300601c       0x1c ../../libraries/bl702_driver/libbl702_driver.a(bl702_usb.c.obj)
                0x000000002300601c                USB_Set_Device_Addr
 .text.USB_Set_EPx_Xfer_Size
                0x0000000023006038       0xda ../../libraries/bl702_driver/libbl702_driver.a(bl702_usb.c.obj)
                0x0000000023006038                USB_Set_EPx_Xfer_Size
 .text.USB_Set_EPx_Rdy
                0x0000000023006112      0x104 ../../libraries/bl702_driver/libbl702_driver.a(bl702_usb.c.obj)
                0x0000000023006112                USB_Set_EPx_Rdy
 .text.USB_Is_EPx_RDY_Free
                0x0000000023006216       0xc4 ../../libraries/bl702_driver/libbl702_driver.a(bl702_usb.c.obj)
                0x0000000023006216                USB_Is_EPx_RDY_Free
 .text.USB_Set_EPx_STALL
                0x00000000230062da       0xc4 ../../libraries/bl702_driver/libbl702_driver.a(bl702_usb.c.obj)
                0x00000000230062da                USB_Set_EPx_STALL
 .text.USB_Set_EPx_Busy
                0x000000002300639e       0xfc ../../libraries/bl702_driver/libbl702_driver.a(bl702_usb.c.obj)
                0x000000002300639e                USB_Set_EPx_Busy
 .text.USB_Set_EPx_Status
                0x000000002300649a       0x44 ../../libraries/bl702_driver/libbl702_driver.a(bl702_usb.c.obj)
                0x000000002300649a                USB_Set_EPx_Status
 .text.USB_Get_EPx_Status
                0x00000000230064de       0xd0 ../../libraries/bl702_driver/libbl702_driver.a(bl702_usb.c.obj)
                0x00000000230064de                USB_Get_EPx_Status
 .text.USB_IntEn
                0x00000000230065ae       0x50 ../../libraries/bl702_driver/libbl702_driver.a(bl702_usb.c.obj)
                0x00000000230065ae                USB_IntEn
 .text.USB_IntMask
                0x00000000230065fe       0x50 ../../libraries/bl702_driver/libbl702_driver.a(bl702_usb.c.obj)
                0x00000000230065fe                USB_IntMask
 .text.USB_Get_IntStatus
                0x000000002300664e       0x2c ../../libraries/bl702_driver/libbl702_driver.a(bl702_usb.c.obj)
                0x000000002300664e                USB_Get_IntStatus
 .text.USB_Clr_IntStatus
                0x000000002300667a       0x2e ../../libraries/bl702_driver/libbl702_driver.a(bl702_usb.c.obj)
                0x000000002300667a                USB_Clr_IntStatus
 .text.USB_Set_EPx_Config
                0x00000000230066a8      0x1a2 ../../libraries/bl702_driver/libbl702_driver.a(bl702_usb.c.obj)
                0x00000000230066a8                USB_Set_EPx_Config
 .text.USB_Set_EPx_TX_DMA_Interface_Config
                0x000000002300684a      0x174 ../../libraries/bl702_driver/libbl702_driver.a(bl702_usb.c.obj)
                0x000000002300684a                USB_Set_EPx_TX_DMA_Interface_Config
 .text.USB_Set_EPx_RX_DMA_Interface_Config
                0x00000000230069be      0x174 ../../libraries/bl702_driver/libbl702_driver.a(bl702_usb.c.obj)
                0x00000000230069be                USB_Set_EPx_RX_DMA_Interface_Config
 .text.USB_Get_EPx_TX_FIFO_CNT
                0x0000000023006b32       0xa4 ../../libraries/bl702_driver/libbl702_driver.a(bl702_usb.c.obj)
                0x0000000023006b32                USB_Get_EPx_TX_FIFO_CNT
 .text.USB_Get_EPx_RX_FIFO_CNT
                0x0000000023006bd6       0xb4 ../../libraries/bl702_driver/libbl702_driver.a(bl702_usb.c.obj)
                0x0000000023006bd6                USB_Get_EPx_RX_FIFO_CNT
 .text.dma_reload
                0x0000000023006c8a      0x19c ../../libraries/bl702_driver/libbl702_driver.a(hal_dma.c.obj)
                0x0000000023006c8a                dma_reload
 .text.DMA_Channel_Disable
                0x0000000023006e26       0x14 ../../libraries/bl702_driver/libbl702_driver.a(bl702_dma.c.obj)
                0x0000000023006e26                DMA_Channel_Disable
 .text.malloc   0x0000000023006e3a        0xa c:/riscv64-tools/bin/../lib/gcc/riscv64-unknown-elf/10.2.0/../../../../riscv64-unknown-elf/lib/rv32imafc/ilp32f\libc_nano.a(lib_a-malloc.o)
                0x0000000023006e3a                malloc
 .text.free     0x0000000023006e44        0xa c:/riscv64-tools/bin/../lib/gcc/riscv64-unknown-elf/10.2.0/../../../../riscv64-unknown-elf/lib/rv32imafc/ilp32f\libc_nano.a(lib_a-malloc.o)
                0x0000000023006e44                free
 .text.memcpy   0x0000000023006e4e       0xdc c:/riscv64-tools/bin/../lib/gcc/riscv64-unknown-elf/10.2.0/../../../../riscv64-unknown-elf/lib/rv32imafc/ilp32f\libc_nano.a(lib_a-memcpy.o)
                0x0000000023006e4e                memcpy
 .text.__cvt    0x0000000023006f2a       0xec c:/riscv64-tools/bin/../lib/gcc/riscv64-unknown-elf/10.2.0/../../../../riscv64-unknown-elf/lib/rv32imafc/ilp32f\libc_nano.a(lib_a-nano-vfprintf_float.o)
                0x0000000023006f2a                __cvt
 .text.__exponent
                0x0000000023007016       0x9c c:/riscv64-tools/bin/../lib/gcc/riscv64-unknown-elf/10.2.0/../../../../riscv64-unknown-elf/lib/rv32imafc/ilp32f\libc_nano.a(lib_a-nano-vfprintf_float.o)
                0x0000000023007016                __exponent
 .text._printf_float
                0x00000000230070b2      0x4d6 c:/riscv64-tools/bin/../lib/gcc/riscv64-unknown-elf/10.2.0/../../../../riscv64-unknown-elf/lib/rv32imafc/ilp32f\libc_nano.a(lib_a-nano-vfprintf_float.o)
                0x00000000230070b2                _printf_float
 .text._printf_common
                0x0000000023007588      0x10c c:/riscv64-tools/bin/../lib/gcc/riscv64-unknown-elf/10.2.0/../../../../riscv64-unknown-elf/lib/rv32imafc/ilp32f\libc_nano.a(lib_a-nano-vfprintf_i.o)
                0x0000000023007588                _printf_common
 .text._printf_i
                0x0000000023007694      0x274 c:/riscv64-tools/bin/../lib/gcc/riscv64-unknown-elf/10.2.0/../../../../riscv64-unknown-elf/lib/rv32imafc/ilp32f\libc_nano.a(lib_a-nano-vfprintf_i.o)
                0x0000000023007694                _printf_i
 .text.printf   0x0000000023007908       0x3c c:/riscv64-tools/bin/../lib/gcc/riscv64-unknown-elf/10.2.0/../../../../riscv64-unknown-elf/lib/rv32imafc/ilp32f\libc_nano.a(lib_a-printf.o)
                0x0000000023007908                iprintf
                0x0000000023007908                printf
 .text._puts_r  0x0000000023007944       0xde c:/riscv64-tools/bin/../lib/gcc/riscv64-unknown-elf/10.2.0/../../../../riscv64-unknown-elf/lib/rv32imafc/ilp32f\libc_nano.a(lib_a-puts.o)
                0x0000000023007944                _puts_r
 .text.puts     0x0000000023007a22        0x8 c:/riscv64-tools/bin/../lib/gcc/riscv64-unknown-elf/10.2.0/../../../../riscv64-unknown-elf/lib/rv32imafc/ilp32f\libc_nano.a(lib_a-puts.o)
                0x0000000023007a22                puts
 .text.realloc  0x0000000023007a2a        0xc c:/riscv64-tools/bin/../lib/gcc/riscv64-unknown-elf/10.2.0/../../../../riscv64-unknown-elf/lib/rv32imafc/ilp32f\libc_nano.a(lib_a-realloc.o)
                0x0000000023007a2a                realloc
 .text.strlen   0x0000000023007a36       0x12 c:/riscv64-tools/bin/../lib/gcc/riscv64-unknown-elf/10.2.0/../../../../riscv64-unknown-elf/lib/rv32imafc/ilp32f\libc_nano.a(lib_a-strlen.o)
                0x0000000023007a36                strlen
 .text._vsnprintf_r
                0x0000000023007a48       0x64 c:/riscv64-tools/bin/../lib/gcc/riscv64-unknown-elf/10.2.0/../../../../riscv64-unknown-elf/lib/rv32imafc/ilp32f\libc_nano.a(lib_a-vsnprintf.o)
                0x0000000023007a48                _vsniprintf_r
                0x0000000023007a48                _vsnprintf_r
 .text.vsnprintf
                0x0000000023007aac        0xe c:/riscv64-tools/bin/../lib/gcc/riscv64-unknown-elf/10.2.0/../../../../riscv64-unknown-elf/lib/rv32imafc/ilp32f\libc_nano.a(lib_a-vsnprintf.o)
                0x0000000023007aac                vsniprintf
                0x0000000023007aac                vsnprintf
 .text.__swbuf_r
                0x0000000023007aba       0xc6 c:/riscv64-tools/bin/../lib/gcc/riscv64-unknown-elf/10.2.0/../../../../riscv64-unknown-elf/lib/rv32imafc/ilp32f\libc_nano.a(lib_a-wbuf.o)
                0x0000000023007aba                __swbuf_r
 .text.__swsetup_r
                0x0000000023007b80      0x10c c:/riscv64-tools/bin/../lib/gcc/riscv64-unknown-elf/10.2.0/../../../../riscv64-unknown-elf/lib/rv32imafc/ilp32f\libc_nano.a(lib_a-wsetup.o)
                0x0000000023007b80                __swsetup_r
 .text.quorem   0x0000000023007c8c      0x12c c:/riscv64-tools/bin/../lib/gcc/riscv64-unknown-elf/10.2.0/../../../../riscv64-unknown-elf/lib/rv32imafc/ilp32f\libc_nano.a(lib_a-dtoa.o)
 .text._dtoa_r  0x0000000023007db8      0xc54 c:/riscv64-tools/bin/../lib/gcc/riscv64-unknown-elf/10.2.0/../../../../riscv64-unknown-elf/lib/rv32imafc/ilp32f\libc_nano.a(lib_a-dtoa.o)
                0x0000000023007db8                _dtoa_r
 .text.__sflush_r
                0x0000000023008a0c      0x148 c:/riscv64-tools/bin/../lib/gcc/riscv64-unknown-elf/10.2.0/../../../../riscv64-unknown-elf/lib/rv32imafc/ilp32f\libc_nano.a(lib_a-fflush.o)
                0x0000000023008a0c                __sflush_r
 .text._fflush_r
                0x0000000023008b54       0x66 c:/riscv64-tools/bin/../lib/gcc/riscv64-unknown-elf/10.2.0/../../../../riscv64-unknown-elf/lib/rv32imafc/ilp32f\libc_nano.a(lib_a-fflush.o)
                0x0000000023008b54                _fflush_r
 .text.std      0x0000000023008bba       0x6a c:/riscv64-tools/bin/../lib/gcc/riscv64-unknown-elf/10.2.0/../../../../riscv64-unknown-elf/lib/rv32imafc/ilp32f\libc_nano.a(lib_a-findfp.o)
 .text._cleanup_r
                0x0000000023008c24        0xa c:/riscv64-tools/bin/../lib/gcc/riscv64-unknown-elf/10.2.0/../../../../riscv64-unknown-elf/lib/rv32imafc/ilp32f\libc_nano.a(lib_a-findfp.o)
                0x0000000023008c24                _cleanup_r
 .text.__sfmoreglue
                0x0000000023008c2e       0x48 c:/riscv64-tools/bin/../lib/gcc/riscv64-unknown-elf/10.2.0/../../../../riscv64-unknown-elf/lib/rv32imafc/ilp32f\libc_nano.a(lib_a-findfp.o)
                0x0000000023008c2e                __sfmoreglue
 .text.__sinit  0x0000000023008c76       0x70 c:/riscv64-tools/bin/../lib/gcc/riscv64-unknown-elf/10.2.0/../../../../riscv64-unknown-elf/lib/rv32imafc/ilp32f\libc_nano.a(lib_a-findfp.o)
                0x0000000023008c76                __sinit
 .text.__sfp    0x0000000023008ce6       0xa2 c:/riscv64-tools/bin/../lib/gcc/riscv64-unknown-elf/10.2.0/../../../../riscv64-unknown-elf/lib/rv32imafc/ilp32f\libc_nano.a(lib_a-findfp.o)
                0x0000000023008ce6                __sfp
 .text._fwalk_reent
                0x0000000023008d88       0x6a c:/riscv64-tools/bin/../lib/gcc/riscv64-unknown-elf/10.2.0/../../../../riscv64-unknown-elf/lib/rv32imafc/ilp32f\libc_nano.a(lib_a-fwalk.o)
                0x0000000023008d88                _fwalk_reent
 .text._localeconv_r
                0x0000000023008df2        0x6 c:/riscv64-tools/bin/../lib/gcc/riscv64-unknown-elf/10.2.0/../../../../riscv64-unknown-elf/lib/rv32imafc/ilp32f\libc_nano.a(lib_a-localeconv.o)
                0x0000000023008df2                _localeconv_r
 .text.__swhatbuf_r
                0x0000000023008df8       0x5c c:/riscv64-tools/bin/../lib/gcc/riscv64-unknown-elf/10.2.0/../../../../riscv64-unknown-elf/lib/rv32imafc/ilp32f\libc_nano.a(lib_a-makebuf.o)
                0x0000000023008df8                __swhatbuf_r
 .text.__smakebuf_r
                0x0000000023008e54       0xa2 c:/riscv64-tools/bin/../lib/gcc/riscv64-unknown-elf/10.2.0/../../../../riscv64-unknown-elf/lib/rv32imafc/ilp32f\libc_nano.a(lib_a-makebuf.o)
                0x0000000023008e54                __smakebuf_r
 .text.__ascii_mbtowc
                0x0000000023008ef6       0x3a c:/riscv64-tools/bin/../lib/gcc/riscv64-unknown-elf/10.2.0/../../../../riscv64-unknown-elf/lib/rv32imafc/ilp32f\libc_nano.a(lib_a-mbtowc_r.o)
                0x0000000023008ef6                __ascii_mbtowc
 .text.memchr   0x0000000023008f30       0x1a c:/riscv64-tools/bin/../lib/gcc/riscv64-unknown-elf/10.2.0/../../../../riscv64-unknown-elf/lib/rv32imafc/ilp32f\libc_nano.a(lib_a-memchr.o)
                0x0000000023008f30                memchr
 .text._Balloc  0x0000000023008f4a       0xae c:/riscv64-tools/bin/../lib/gcc/riscv64-unknown-elf/10.2.0/../../../../riscv64-unknown-elf/lib/rv32imafc/ilp32f\libc_nano.a(lib_a-mprec.o)
                0x0000000023008f4a                _Balloc
 .text._Bfree   0x0000000023008ff8       0x62 c:/riscv64-tools/bin/../lib/gcc/riscv64-unknown-elf/10.2.0/../../../../riscv64-unknown-elf/lib/rv32imafc/ilp32f\libc_nano.a(lib_a-mprec.o)
                0x0000000023008ff8                _Bfree
 .text.__multadd
                0x000000002300905a       0xc0 c:/riscv64-tools/bin/../lib/gcc/riscv64-unknown-elf/10.2.0/../../../../riscv64-unknown-elf/lib/rv32imafc/ilp32f\libc_nano.a(lib_a-mprec.o)
                0x000000002300905a                __multadd
 .text.__hi0bits
                0x000000002300911a       0x46 c:/riscv64-tools/bin/../lib/gcc/riscv64-unknown-elf/10.2.0/../../../../riscv64-unknown-elf/lib/rv32imafc/ilp32f\libc_nano.a(lib_a-mprec.o)
                0x000000002300911a                __hi0bits
 .text.__lo0bits
                0x0000000023009160       0x6a c:/riscv64-tools/bin/../lib/gcc/riscv64-unknown-elf/10.2.0/../../../../riscv64-unknown-elf/lib/rv32imafc/ilp32f\libc_nano.a(lib_a-mprec.o)
                0x0000000023009160                __lo0bits
 .text.__i2b    0x00000000230091ca       0x38 c:/riscv64-tools/bin/../lib/gcc/riscv64-unknown-elf/10.2.0/../../../../riscv64-unknown-elf/lib/rv32imafc/ilp32f\libc_nano.a(lib_a-mprec.o)
                0x00000000230091ca                __i2b
 .text.__multiply
                0x0000000023009202      0x180 c:/riscv64-tools/bin/../lib/gcc/riscv64-unknown-elf/10.2.0/../../../../riscv64-unknown-elf/lib/rv32imafc/ilp32f\libc_nano.a(lib_a-mprec.o)
                0x0000000023009202                __multiply
 .text.__pow5mult
                0x0000000023009382       0xda c:/riscv64-tools/bin/../lib/gcc/riscv64-unknown-elf/10.2.0/../../../../riscv64-unknown-elf/lib/rv32imafc/ilp32f\libc_nano.a(lib_a-mprec.o)
                0x0000000023009382                __pow5mult
 .text.__lshift
                0x000000002300945c      0x104 c:/riscv64-tools/bin/../lib/gcc/riscv64-unknown-elf/10.2.0/../../../../riscv64-unknown-elf/lib/rv32imafc/ilp32f\libc_nano.a(lib_a-mprec.o)
                0x000000002300945c                __lshift
 .text.__mcmp   0x0000000023009560       0x36 c:/riscv64-tools/bin/../lib/gcc/riscv64-unknown-elf/10.2.0/../../../../riscv64-unknown-elf/lib/rv32imafc/ilp32f\libc_nano.a(lib_a-mprec.o)
                0x0000000023009560                __mcmp
 .text.__mdiff  0x0000000023009596      0x15e c:/riscv64-tools/bin/../lib/gcc/riscv64-unknown-elf/10.2.0/../../../../riscv64-unknown-elf/lib/rv32imafc/ilp32f\libc_nano.a(lib_a-mprec.o)
                0x0000000023009596                __mdiff
 .text.__d2b    0x00000000230096f4       0xf0 c:/riscv64-tools/bin/../lib/gcc/riscv64-unknown-elf/10.2.0/../../../../riscv64-unknown-elf/lib/rv32imafc/ilp32f\libc_nano.a(lib_a-mprec.o)
                0x00000000230096f4                __d2b
 .text.__ssputs_r
                0x00000000230097e4       0xea c:/riscv64-tools/bin/../lib/gcc/riscv64-unknown-elf/10.2.0/../../../../riscv64-unknown-elf/lib/rv32imafc/ilp32f\libc_nano.a(lib_a-nano-svfprintf.o)
                0x00000000230097e4                __ssputs_r
 .text._svfprintf_r
                0x00000000230098ce      0x27c c:/riscv64-tools/bin/../lib/gcc/riscv64-unknown-elf/10.2.0/../../../../riscv64-unknown-elf/lib/rv32imafc/ilp32f\libc_nano.a(lib_a-nano-svfprintf.o)
                0x00000000230098ce                _svfiprintf_r
                0x00000000230098ce                _svfprintf_r
 .text.__sfputc_r
                0x0000000023009b4a       0x2a c:/riscv64-tools/bin/../lib/gcc/riscv64-unknown-elf/10.2.0/../../../../riscv64-unknown-elf/lib/rv32imafc/ilp32f\libc_nano.a(lib_a-nano-vfprintf.o)
 .text.__sfputs_r
                0x0000000023009b74       0x44 c:/riscv64-tools/bin/../lib/gcc/riscv64-unknown-elf/10.2.0/../../../../riscv64-unknown-elf/lib/rv32imafc/ilp32f\libc_nano.a(lib_a-nano-vfprintf.o)
                0x0000000023009b74                __sfputs_r
 .text._vfprintf_r
                0x0000000023009bb8      0x2a0 c:/riscv64-tools/bin/../lib/gcc/riscv64-unknown-elf/10.2.0/../../../../riscv64-unknown-elf/lib/rv32imafc/ilp32f\libc_nano.a(lib_a-nano-vfprintf.o)
                0x0000000023009bb8                _vfprintf_r
                0x0000000023009bb8                _vfiprintf_r
 .text.__sread  0x0000000023009e58       0x32 c:/riscv64-tools/bin/../lib/gcc/riscv64-unknown-elf/10.2.0/../../../../riscv64-unknown-elf/lib/rv32imafc/ilp32f\libc_nano.a(lib_a-stdio.o)
                0x0000000023009e58                __sread
 .text.__swrite
                0x0000000023009e8a       0x52 c:/riscv64-tools/bin/../lib/gcc/riscv64-unknown-elf/10.2.0/../../../../riscv64-unknown-elf/lib/rv32imafc/ilp32f\libc_nano.a(lib_a-stdio.o)
                0x0000000023009e8a                __swrite
 .text.__sseek  0x0000000023009edc       0x38 c:/riscv64-tools/bin/../lib/gcc/riscv64-unknown-elf/10.2.0/../../../../riscv64-unknown-elf/lib/rv32imafc/ilp32f\libc_nano.a(lib_a-stdio.o)
                0x0000000023009edc                __sseek
 .text.__sclose
                0x0000000023009f14        0x8 c:/riscv64-tools/bin/../lib/gcc/riscv64-unknown-elf/10.2.0/../../../../riscv64-unknown-elf/lib/rv32imafc/ilp32f\libc_nano.a(lib_a-stdio.o)
                0x0000000023009f14                __sclose
 .text.__ascii_wctomb
                0x0000000023009f1c       0x20 c:/riscv64-tools/bin/../lib/gcc/riscv64-unknown-elf/10.2.0/../../../../riscv64-unknown-elf/lib/rv32imafc/ilp32f\libc_nano.a(lib_a-wctomb_r.o)
                0x0000000023009f1c                __ascii_wctomb
 .text.__assert_func
                0x0000000023009f3c       0x36 c:/riscv64-tools/bin/../lib/gcc/riscv64-unknown-elf/10.2.0/../../../../riscv64-unknown-elf/lib/rv32imafc/ilp32f\libc_nano.a(lib_a-assert.o)
                0x0000000023009f3c                __assert_func
 .text.fprintf  0x0000000023009f72       0x26 c:/riscv64-tools/bin/../lib/gcc/riscv64-unknown-elf/10.2.0/../../../../riscv64-unknown-elf/lib/rv32imafc/ilp32f\libc_nano.a(lib_a-fprintf.o)
                0x0000000023009f72                fiprintf
                0x0000000023009f72                fprintf
 .text.memmove  0x0000000023009f98       0x4a c:/riscv64-tools/bin/../lib/gcc/riscv64-unknown-elf/10.2.0/../../../../riscv64-unknown-elf/lib/rv32imafc/ilp32f\libc_nano.a(lib_a-memmove-stub.o)
                0x0000000023009f98                memmove
 .text.abort    0x0000000023009fe2        0xe c:/riscv64-tools/bin/../lib/gcc/riscv64-unknown-elf/10.2.0/../../../../riscv64-unknown-elf/lib/rv32imafc/ilp32f\libc_nano.a(lib_a-abort.o)
                0x0000000023009fe2                abort
 .text._raise_r
                0x0000000023009ff0       0x66 c:/riscv64-tools/bin/../lib/gcc/riscv64-unknown-elf/10.2.0/../../../../riscv64-unknown-elf/lib/rv32imafc/ilp32f\libc_nano.a(lib_a-signal.o)
                0x0000000023009ff0                _raise_r
 .text.raise    0x000000002300a056        0xa c:/riscv64-tools/bin/../lib/gcc/riscv64-unknown-elf/10.2.0/../../../../riscv64-unknown-elf/lib/rv32imafc/ilp32f\libc_nano.a(lib_a-signal.o)
                0x000000002300a056                raise
 .text.usbd_cdc_acm_bulk_out
                0x000000002300a060       0x68 ../../libraries/usb_stdio/libusb_stdio.a(usb_stdio.c.obj)
 .text.usb_stdio_init
                0x000000002300a0c8       0x72 ../../libraries/usb_stdio/libusb_stdio.a(usb_stdio.c.obj)
                0x000000002300a0c8                usb_stdio_init
 .text.usb_dc_event_callback
                0x000000002300a13a        0x8 ../../libraries/usb_stdio/libusb_stdio.a(usb_dc.c.obj)
 .text.usb_dc_init
                0x000000002300a142       0x3a ../../libraries/usb_stdio/libusb_stdio.a(usb_dc.c.obj)
                0x000000002300a142                usb_dc_init
 .text.usbd_set_address
                0x000000002300a17c        0x4 ../../libraries/usb_stdio/libusb_stdio.a(usb_dc.c.obj)
                0x000000002300a17c                usbd_set_address
 .text.usbd_ep_open
                0x000000002300a180        0xa ../../libraries/usb_stdio/libusb_stdio.a(usb_dc.c.obj)
                0x000000002300a180                usbd_ep_open
 .text.usbd_ep_close
                0x000000002300a18a        0x4 ../../libraries/usb_stdio/libusb_stdio.a(usb_dc.c.obj)
                0x000000002300a18a                usbd_ep_close
 .text.usbd_ep_set_stall
                0x000000002300a18e        0x4 ../../libraries/usb_stdio/libusb_stdio.a(usb_dc.c.obj)
                0x000000002300a18e                usbd_ep_set_stall
 .text.usbd_ep_clear_stall
                0x000000002300a192        0x4 ../../libraries/usb_stdio/libusb_stdio.a(usb_dc.c.obj)
                0x000000002300a192                usbd_ep_clear_stall
 .text.usbd_ep_is_stalled
                0x000000002300a196        0xe ../../libraries/usb_stdio/libusb_stdio.a(usb_dc.c.obj)
                0x000000002300a196                usbd_ep_is_stalled
 .text.usbd_ep_write
                0x000000002300a1a4       0x12 ../../libraries/usb_stdio/libusb_stdio.a(usb_dc.c.obj)
                0x000000002300a1a4                usbd_ep_write
 .text.usbd_ep_read
                0x000000002300a1b6       0x12 ../../libraries/usb_stdio/libusb_stdio.a(usb_dc.c.obj)
                0x000000002300a1b6                usbd_ep_read
 .text.device_register
                0x000000002300a1c8       0x58 ../../libraries/common/libcommon.a(drv_device.c.obj)
                0x000000002300a1c8                device_register
 .text.device_find
                0x000000002300a220       0x52 ../../libraries/common/libcommon.a(drv_device.c.obj)
                0x000000002300a220                device_find
 .text.device_open
                0x000000002300a272       0x42 ../../libraries/common/libcommon.a(drv_device.c.obj)
                0x000000002300a272                device_open
 .text.device_control
                0x000000002300a2b4       0x14 ../../libraries/common/libcommon.a(drv_device.c.obj)
                0x000000002300a2b4                device_control
 .text.device_write
                0x000000002300a2c8       0x18 ../../libraries/common/libcommon.a(drv_device.c.obj)
                0x000000002300a2c8                device_write
 .text.device_set_callback
                0x000000002300a2e0       0x16 ../../libraries/common/libcommon.a(drv_device.c.obj)
                0x000000002300a2e0                device_set_callback
 .text.mmheap_align_alloc
                0x000000002300a2f6      0x1ee ../../libraries/common/libcommon.a(drv_mmheap.c.obj)
                0x000000002300a2f6                mmheap_align_alloc
 .text.mmheap_alloc
                0x000000002300a4e4        0x8 ../../libraries/common/libcommon.a(drv_mmheap.c.obj)
                0x000000002300a4e4                mmheap_alloc
 .text.mmheap_calloc
                0x000000002300a4ec       0x2c ../../libraries/common/libcommon.a(drv_mmheap.c.obj)
                0x000000002300a4ec                mmheap_calloc
 .text.mmheap_free
                0x000000002300a518       0xd4 ../../libraries/common/libcommon.a(drv_mmheap.c.obj)
                0x000000002300a518                mmheap_free
 .text.mmheap_realloc
                0x000000002300a5ec      0x1f6 ../../libraries/common/libcommon.a(drv_mmheap.c.obj)
                0x000000002300a5ec                mmheap_realloc
 .text.mmheap_init
                0x000000002300a7e2       0xfc ../../libraries/common/libcommon.a(drv_mmheap.c.obj)
                0x000000002300a7e2                mmheap_init
 .text.memcopy_to_fifo
                0x000000002300a8de       0x14 ../../libraries/common/libcommon.a(misc.c.obj)
                0x000000002300a8de                memcopy_to_fifo
 .text.fifocopy_to_mem
                0x000000002300a8f2       0x14 ../../libraries/common/libcommon.a(misc.c.obj)
                0x000000002300a8f2                fifocopy_to_mem
 .text.cdc_notify_handler
                0x000000002300a906       0x2a ../../libraries/usb_stack/libusb_stack.a(usbd_cdc.c.obj)
 .text.usbd_cdc_acm_set_line_coding
                0x000000002300a930        0x2 ../../libraries/usb_stack/libusb_stack.a(usbd_cdc.c.obj)
                0x000000002300a930                usbd_cdc_acm_set_line_coding
 .text.usbd_cdc_acm_set_dtr
                0x000000002300a932        0x2 ../../libraries/usb_stack/libusb_stack.a(usbd_cdc.c.obj)
                0x000000002300a932                usbd_cdc_acm_set_dtr
 .text.usbd_cdc_acm_set_rts
                0x000000002300a934        0x2 ../../libraries/usb_stack/libusb_stack.a(usbd_cdc.c.obj)
                0x000000002300a934                usbd_cdc_acm_set_rts
 .text.cdc_acm_class_request_handler
                0x000000002300a936       0xe0 ../../libraries/usb_stack/libusb_stack.a(usbd_cdc.c.obj)
 .text.usbd_cdc_add_acm_interface
                0x000000002300aa16       0x44 ../../libraries/usb_stack/libusb_stack.a(usbd_cdc.c.obj)
                0x000000002300aa16                usbd_cdc_add_acm_interface
 .text.usbd_send_to_host.constprop.0
                0x000000002300aa5a       0x86 ../../libraries/usb_stack/libusb_stack.a(usbd_core.c.obj)
 .text.usbd_setup_request_handler.constprop.0
                0x000000002300aae0      0x6c0 ../../libraries/usb_stack/libusb_stack.a(usbd_core.c.obj)
 .text.usbd_event_notify_handler
                0x000000002300b1a0      0x266 ../../libraries/usb_stack/libusb_stack.a(usbd_core.c.obj)
                0x000000002300b1a0                usbd_event_notify_handler
 .text.usbd_desc_register
                0x000000002300b406        0x6 ../../libraries/usb_stack/libusb_stack.a(usbd_core.c.obj)
                0x000000002300b406                usbd_desc_register
 .text.usbd_class_register
                0x000000002300b40c       0x16 ../../libraries/usb_stack/libusb_stack.a(usbd_core.c.obj)
                0x000000002300b40c                usbd_class_register
 .text.usbd_class_add_interface
                0x000000002300b422       0x26 ../../libraries/usb_stack/libusb_stack.a(usbd_core.c.obj)
                0x000000002300b422                usbd_class_add_interface
 .text.usbd_interface_add_endpoint
                0x000000002300b448       0x10 ../../libraries/usb_stack/libusb_stack.a(usbd_core.c.obj)
                0x000000002300b448                usbd_interface_add_endpoint
 .text.usb_device_is_configured
                0x000000002300b458        0x6 ../../libraries/usb_stack/libusb_stack.a(usbd_core.c.obj)
                0x000000002300b458                usb_device_is_configured
 .text.shell_help
                0x000000002300b45e       0xa0 ../../libraries/shell/libshell.a(shell.c.obj)
                0x000000002300b45e                shell_help
 .text.shell_get_prompt
                0x000000002300b4fe       0x68 ../../libraries/shell/libshell.a(shell.c.obj)
 .text.shell_handle_history
                0x000000002300b566       0x46 ../../libraries/shell/libshell.a(shell.c.obj)
 .text.shell_memtrace
                0x000000002300b5ac       0xfc ../../libraries/shell/libshell.a(shell.c.obj)
 .text.shell_exec
                0x000000002300b6a8      0x22c ../../libraries/shell/libshell.a(shell.c.obj)
                0x000000002300b6a8                shell_exec
 .text.shell_handler
                0x000000002300b8d4      0x55a ../../libraries/shell/libshell.a(shell.c.obj)
                0x000000002300b8d4                shell_handler
 .text.shell_set_prompt
                0x000000002300be2e       0x4a ../../libraries/shell/libshell.a(shell.c.obj)
                0x000000002300be2e                shell_set_prompt
 .text.shell_set_print
                0x000000002300be78       0x14 ../../libraries/shell/libshell.a(shell.c.obj)
                0x000000002300be78                shell_set_print
 .text.shell_init
                0x000000002300be8c       0x5e ../../libraries/shell/libshell.a(shell.c.obj)
                0x000000002300be8c                shell_init
 .text.atoi     0x000000002300beea        0x6 c:/riscv64-tools/bin/../lib/gcc/riscv64-unknown-elf/10.2.0/../../../../riscv64-unknown-elf/lib/rv32imafc/ilp32f\libg_nano.a(lib_a-atoi.o)
                0x000000002300beea                atoi
 .text.memcmp   0x000000002300bef0       0x26 c:/riscv64-tools/bin/../lib/gcc/riscv64-unknown-elf/10.2.0/../../../../riscv64-unknown-elf/lib/rv32imafc/ilp32f\libg_nano.a(lib_a-memcmp.o)
                0x000000002300bef0                memcmp
 .text.strcpy   0x000000002300bf16       0x12 c:/riscv64-tools/bin/../lib/gcc/riscv64-unknown-elf/10.2.0/../../../../riscv64-unknown-elf/lib/rv32imafc/ilp32f\libg_nano.a(lib_a-strcpy.o)
                0x000000002300bf16                strcpy
 .text.strncmp  0x000000002300bf28       0x2e c:/riscv64-tools/bin/../lib/gcc/riscv64-unknown-elf/10.2.0/../../../../riscv64-unknown-elf/lib/rv32imafc/ilp32f\libg_nano.a(lib_a-strncmp.o)
                0x000000002300bf28                strncmp
 .text.strncpy  0x000000002300bf56       0x24 c:/riscv64-tools/bin/../lib/gcc/riscv64-unknown-elf/10.2.0/../../../../riscv64-unknown-elf/lib/rv32imafc/ilp32f\libg_nano.a(lib_a-strncpy.o)
                0x000000002300bf56                strncpy
 .text._strtoll_l.constprop.0
                0x000000002300bf7a      0x1b8 c:/riscv64-tools/bin/../lib/gcc/riscv64-unknown-elf/10.2.0/../../../../riscv64-unknown-elf/lib/rv32imafc/ilp32f\libg_nano.a(lib_a-strtoll.o)
 .text.strtoll  0x000000002300c132        0xe c:/riscv64-tools/bin/../lib/gcc/riscv64-unknown-elf/10.2.0/../../../../riscv64-unknown-elf/lib/rv32imafc/ilp32f\libg_nano.a(lib_a-strtoll.o)
                0x000000002300c132                strtoll
 .text._strtol_l.constprop.0
                0x000000002300c140      0x13a c:/riscv64-tools/bin/../lib/gcc/riscv64-unknown-elf/10.2.0/../../../../riscv64-unknown-elf/lib/rv32imafc/ilp32f\libg_nano.a(lib_a-strtol.o)
 .text.strtol   0x000000002300c27a        0xe c:/riscv64-tools/bin/../lib/gcc/riscv64-unknown-elf/10.2.0/../../../../riscv64-unknown-elf/lib/rv32imafc/ilp32f\libg_nano.a(lib_a-strtol.o)
                0x000000002300c27a                strtol
 *(EXCLUDE_FILE(*bl702_ef_ctrl*.o* \ *bl702_xip_sflash_ext*.o* \ *bl702_xip_sflash*.o* \ *bl702_sflash_ext*.o* \ *bl702_sflash*.o* \ *bl702_sf_ctrl*.o* \ *bl702_sf_cfg_ext*.o* \ *bl702_sf_cfg*.o* \ *bl702_common*.o* \ *bl702_pds*.o* \ *bl702_glb*.o*) .rodata*)
 *fill*         0x000000002300c288        0x0 
 .rodata.main.str1.4
                0x000000002300c288       0xd4 CMakeFiles/blink_baremetal_bl702.elf.dir/main.c.obj
 .rodata.bflb_platform_printf.str1.4
                0x000000002300c35c        0xa CMakeFiles/blink_baremetal_bl702.elf.dir/D_/Documentos/REPOS/Github/M0Sense-BL702-Autocontenido/bl_mcu_sdk/bsp/bsp_common/platform/bflb_platform.c.obj
 *fill*         0x000000002300c366        0x2 
 .rodata.bl_show_flashinfo.str1.4
                0x000000002300c368      0x15e CMakeFiles/blink_baremetal_bl702.elf.dir/D_/Documentos/REPOS/Github/M0Sense-BL702-Autocontenido/bl_mcu_sdk/bsp/bsp_common/platform/bflb_platform.c.obj
 *fill*         0x000000002300c4c6        0x2 
 .rodata.bflb_platform_init.str1.4
                0x000000002300c4c8       0x49 CMakeFiles/blink_baremetal_bl702.elf.dir/D_/Documentos/REPOS/Github/M0Sense-BL702-Autocontenido/bl_mcu_sdk/bsp/bsp_common/platform/bflb_platform.c.obj
 *fill*         0x000000002300c511        0x3 
 .rodata._write_r.str1.4
                0x000000002300c514        0x4 CMakeFiles/blink_baremetal_bl702.elf.dir/D_/Documentos/REPOS/Github/M0Sense-BL702-Autocontenido/bl_mcu_sdk/bsp/bsp_common/platform/syscalls.c.obj
 .rodata.bl_show_info.str1.4
                0x000000002300c518      0x1b6 CMakeFiles/blink_baremetal_bl702.elf.dir/D_/Documentos/REPOS/Github/M0Sense-BL702-Autocontenido/bl_mcu_sdk/bsp/board/bl702/board.c.obj
                                        0x1ba (size before relaxing)
 *fill*         0x000000002300c6ce        0x2 
 .rodata.af_pin_table
                0x000000002300c6d0       0x3c CMakeFiles/blink_baremetal_bl702.elf.dir/D_/Documentos/REPOS/Github/M0Sense-BL702-Autocontenido/bl_mcu_sdk/bsp/board/bl702/board.c.obj
 .rodata.Trap_Handler.str1.4
                0x000000002300c70c      0x13b ../../libraries/bl702_driver/libbl702_driver.a(interrupt.c.obj)
 *fill*         0x000000002300c847        0x1 
 .rodata.Interrupt_Handler.str1.4
                0x000000002300c848       0x8a ../../libraries/bl702_driver/libbl702_driver.a(interrupt.c.obj)
 *fill*         0x000000002300c8d2        0x2 
 .rodata.uartAddr
                0x000000002300c8d4        0x8 ../../libraries/bl702_driver/libbl702_driver.a(bl702_uart.c.obj)
 .rodata.CSWTCH.19
                0x000000002300c8dc        0x7 ../../libraries/bl702_driver/libbl702_driver.a(bl702_usb.c.obj)
 *fill*         0x000000002300c8e3        0x1 
 .rodata.dma_channel_base
                0x000000002300c8e4       0x20 ../../libraries/bl702_driver/libbl702_driver.a(hal_dma.c.obj)
 .rodata._printf_float.str1.4
                0x000000002300c904       0x12 c:/riscv64-tools/bin/../lib/gcc/riscv64-unknown-elf/10.2.0/../../../../riscv64-unknown-elf/lib/rv32imafc/ilp32f\libc_nano.a(lib_a-nano-vfprintf_float.o)
 *fill*         0x000000002300c916        0x2 
 .rodata._printf_i.str1.4
                0x000000002300c918       0x25 c:/riscv64-tools/bin/../lib/gcc/riscv64-unknown-elf/10.2.0/../../../../riscv64-unknown-elf/lib/rv32imafc/ilp32f\libc_nano.a(lib_a-nano-vfprintf_i.o)
 *fill*         0x000000002300c93d        0x3 
 .rodata._printf_i
                0x000000002300c940       0x58 c:/riscv64-tools/bin/../lib/gcc/riscv64-unknown-elf/10.2.0/../../../../riscv64-unknown-elf/lib/rv32imafc/ilp32f\libc_nano.a(lib_a-nano-vfprintf_i.o)
 .rodata._dtoa_r.str1.4
                0x000000002300c998       0xf1 c:/riscv64-tools/bin/../lib/gcc/riscv64-unknown-elf/10.2.0/../../../../riscv64-unknown-elf/lib/rv32imafc/ilp32f\libc_nano.a(lib_a-dtoa.o)
                                         0xf5 (size before relaxing)
 *fill*         0x000000002300ca89        0x3 
 .rodata.__sf_fake_stderr
                0x000000002300ca8c       0x20 c:/riscv64-tools/bin/../lib/gcc/riscv64-unknown-elf/10.2.0/../../../../riscv64-unknown-elf/lib/rv32imafc/ilp32f\libc_nano.a(lib_a-findfp.o)
                0x000000002300ca8c                __sf_fake_stderr
 .rodata.__sf_fake_stdin
                0x000000002300caac       0x20 c:/riscv64-tools/bin/../lib/gcc/riscv64-unknown-elf/10.2.0/../../../../riscv64-unknown-elf/lib/rv32imafc/ilp32f\libc_nano.a(lib_a-findfp.o)
                0x000000002300caac                __sf_fake_stdin
 .rodata.__sf_fake_stdout
                0x000000002300cacc       0x20 c:/riscv64-tools/bin/../lib/gcc/riscv64-unknown-elf/10.2.0/../../../../riscv64-unknown-elf/lib/rv32imafc/ilp32f\libc_nano.a(lib_a-findfp.o)
                0x000000002300cacc                __sf_fake_stdout
 .rodata._setlocale_r.str1.4
                0x000000002300caec        0xa c:/riscv64-tools/bin/../lib/gcc/riscv64-unknown-elf/10.2.0/../../../../riscv64-unknown-elf/lib/rv32imafc/ilp32f\libc_nano.a(lib_a-locale.o)
                                          0xd (size before relaxing)
 *fill*         0x000000002300caf6        0x2 
 .rodata.str1.4
                0x000000002300caf8        0x2 c:/riscv64-tools/bin/../lib/gcc/riscv64-unknown-elf/10.2.0/../../../../riscv64-unknown-elf/lib/rv32imafc/ilp32f\libc_nano.a(lib_a-locale.o)
 *fill*         0x000000002300cafa        0x2 
 .rodata._Balloc.str1.4
                0x000000002300cafc       0xb6 c:/riscv64-tools/bin/../lib/gcc/riscv64-unknown-elf/10.2.0/../../../../riscv64-unknown-elf/lib/rv32imafc/ilp32f\libc_nano.a(lib_a-mprec.o)
                                         0xce (size before relaxing)
 .rodata.__multadd.str1.4
                0x000000002300cbb2       0x11 c:/riscv64-tools/bin/../lib/gcc/riscv64-unknown-elf/10.2.0/../../../../riscv64-unknown-elf/lib/rv32imafc/ilp32f\libc_nano.a(lib_a-mprec.o)
 *fill*         0x000000002300cbb2        0x6 
 .rodata.__mprec_bigtens
                0x000000002300cbb8       0x28 c:/riscv64-tools/bin/../lib/gcc/riscv64-unknown-elf/10.2.0/../../../../riscv64-unknown-elf/lib/rv32imafc/ilp32f\libc_nano.a(lib_a-mprec.o)
                0x000000002300cbb8                __mprec_bigtens
 .rodata.__mprec_tens
                0x000000002300cbe0       0xc8 c:/riscv64-tools/bin/../lib/gcc/riscv64-unknown-elf/10.2.0/../../../../riscv64-unknown-elf/lib/rv32imafc/ilp32f\libc_nano.a(lib_a-mprec.o)
                0x000000002300cbe0                __mprec_tens
 .rodata.p05.0  0x000000002300cca8        0xc c:/riscv64-tools/bin/../lib/gcc/riscv64-unknown-elf/10.2.0/../../../../riscv64-unknown-elf/lib/rv32imafc/ilp32f\libc_nano.a(lib_a-mprec.o)
 .rodata._svfprintf_r.str1.4
                0x000000002300ccb4       0x13 c:/riscv64-tools/bin/../lib/gcc/riscv64-unknown-elf/10.2.0/../../../../riscv64-unknown-elf/lib/rv32imafc/ilp32f\libc_nano.a(lib_a-nano-svfprintf.o)
 .rodata._vfprintf_r.str1.4
                0x000000002300ccc7       0x13 c:/riscv64-tools/bin/../lib/gcc/riscv64-unknown-elf/10.2.0/../../../../riscv64-unknown-elf/lib/rv32imafc/ilp32f\libc_nano.a(lib_a-nano-vfprintf.o)
 *fill*         0x000000002300ccc7        0x1 
 .rodata.__assert_func.str1.4
                0x000000002300ccc8       0x3f c:/riscv64-tools/bin/../lib/gcc/riscv64-unknown-elf/10.2.0/../../../../riscv64-unknown-elf/lib/rv32imafc/ilp32f\libc_nano.a(lib_a-assert.o)
                                         0x43 (size before relaxing)
 *fill*         0x000000002300cd07        0x1 
 .rodata._ctype_
                0x000000002300cd08      0x101 c:/riscv64-tools/bin/../lib/gcc/riscv64-unknown-elf/10.2.0/../../../../riscv64-unknown-elf/lib/rv32imafc/ilp32f\libc_nano.a(lib_a-ctype_.o)
                0x000000002300cd08                _ctype_
 *fill*         0x000000002300ce09        0x3 
 .rodata.usbd_cdc_acm_bulk_out.str1.4
                0x000000002300ce0c       0x1a ../../libraries/usb_stdio/libusb_stdio.a(usb_stdio.c.obj)
 .rodata.usb_dc_init.str1.4
                0x000000002300ce26        0x4 ../../libraries/usb_stdio/libusb_stdio.a(usb_dc.c.obj)
 *fill*         0x000000002300ce26        0x2 
 .rodata.mmheap_get_state.str1.4
                0x000000002300ce28       0x24 ../../libraries/common/libcommon.a(drv_mmheap.c.obj)
 .rodata.mmheap_align_alloc.str1.4
                0x000000002300ce4c       0x23 ../../libraries/common/libcommon.a(drv_mmheap.c.obj)
 *fill*         0x000000002300ce6f        0x1 
 .rodata.cdc_acm_class_request_handler.str1.4
                0x000000002300ce70       0x26 ../../libraries/usb_stack/libusb_stack.a(usbd_cdc.c.obj)
 *fill*         0x000000002300ce96        0x2 
 .rodata.usbd_send_to_host.constprop.0.str1.4
                0x000000002300ce98       0x2f ../../libraries/usb_stack/libusb_stack.a(usbd_core.c.obj)
 *fill*         0x000000002300cec7        0x1 
 .rodata.usbd_setup_request_handler.constprop.0.str1.4
                0x000000002300cec8      0x233 ../../libraries/usb_stack/libusb_stack.a(usbd_core.c.obj)
 *fill*         0x000000002300d0fb        0x1 
 .rodata.usbd_event_notify_handler.str1.4
                0x000000002300d0fc       0xc0 ../../libraries/usb_stack/libusb_stack.a(usbd_core.c.obj)
                                         0xdc (size before relaxing)
 .rodata.shell_help.str1.4
                0x000000002300d1bc       0x25 ../../libraries/shell/libshell.a(shell.c.obj)
                                         0x2b (size before relaxing)
 *fill*         0x000000002300d1e1        0x3 
 .rodata.shell_get_prompt.str1.4
                0x000000002300d1e4        0xd ../../libraries/shell/libshell.a(shell.c.obj)
 *fill*         0x000000002300d1f1        0x3 
 .rodata.shell_handle_history.str1.4
                0x000000002300d1f4        0xb ../../libraries/shell/libshell.a(shell.c.obj)
 *fill*         0x000000002300d1ff        0x1 
 .rodata.shell_memtrace.str1.4
                0x000000002300d200       0x51 ../../libraries/shell/libshell.a(shell.c.obj)
 *fill*         0x000000002300d251        0x3 
 .rodata.shell_exec.str1.4
                0x000000002300d254       0x3d ../../libraries/shell/libshell.a(shell.c.obj)
 *fill*         0x000000002300d291        0x3 
 .rodata.shell_handler.str1.4
                0x000000002300d294       0x14 ../../libraries/shell/libshell.a(shell.c.obj)
 .rodata.__fsym___cmd_help_name
                0x000000002300d2a8        0xb ../../libraries/shell/libshell.a(shell.c.obj)
                0x000000002300d2a8                __fsym___cmd_help_name
 *fill*         0x000000002300d2b3        0x1 
 .rodata.__fsym___cmd_memtrace_name
                0x000000002300d2b4        0xf ../../libraries/shell/libshell.a(shell.c.obj)
                0x000000002300d2b4                __fsym___cmd_memtrace_name
 *fill*         0x000000002300d2c3        0x1 
 .rodata        0x000000002300d2c4      0x100 c:/riscv64-tools/bin/../lib/gcc/riscv64-unknown-elf/10.2.0/rv32imafc/ilp32f\libgcc.a(_clz.o)
                0x000000002300d2c4                __clz_tab
 .rodata        0x000000002300d3c4       0x3c c:/riscv64-tools/bin/../lib/gcc/riscv64-unknown-elf/10.2.0/rv32imafc/ilp32f\libgcc.a(divdf3.o)
 .rodata        0x000000002300d400       0x3c c:/riscv64-tools/bin/../lib/gcc/riscv64-unknown-elf/10.2.0/rv32imafc/ilp32f\libgcc.a(muldf3.o)
 *(.srodata)
 *(.srodata.*)
 .srodata.CSWTCH.20
                0x000000002300d43c        0x3 ../../libraries/bl702_driver/libbl702_driver.a(bl702_usb.c.obj)
 *fill*         0x000000002300d43f        0x1 
 .srodata.cst8  0x000000002300d440        0x8 c:/riscv64-tools/bin/../lib/gcc/riscv64-unknown-elf/10.2.0/../../../../riscv64-unknown-elf/lib/rv32imafc/ilp32f\libc_nano.a(lib_a-nano-vfprintf_float.o)
 .srodata.cst8  0x000000002300d448       0x48 c:/riscv64-tools/bin/../lib/gcc/riscv64-unknown-elf/10.2.0/../../../../riscv64-unknown-elf/lib/rv32imafc/ilp32f\libc_nano.a(lib_a-dtoa.o)
 .srodata._global_impure_ptr
                0x000000002300d490        0x4 c:/riscv64-tools/bin/../lib/gcc/riscv64-unknown-elf/10.2.0/../../../../riscv64-unknown-elf/lib/rv32imafc/ilp32f\libc_nano.a(lib_a-impure.o)
                0x000000002300d490                _global_impure_ptr
                0x000000002300d494                . = ALIGN (0x4)
                0x000000002300d494                __text_code_end__ = .
                0x000000002300d494                . = ALIGN (0x4)
                0x000000002300d494                __itcm_load_addr = .

.itcm_region    0x0000000042014000      0xae8 load address 0x000000002300d494
                0x0000000042014000                . = ALIGN (0x4)
                0x0000000042014000                __tcm_code_start__ = .
 *(.tcm_code.*)
 .tcm_code.D:/Documentos/REPOS/Github/M0Sense-BL702-Autocontenido/bl_mcu_sdk/drivers/bl702_driver/hal_drv/src/hal_common.c32
                0x0000000042014000       0x14 ../../libraries/bl702_driver/libbl702_driver.a(hal_common.c.obj)
                0x0000000042014000                cpu_global_irq_enable
 .tcm_code.D:/Documentos/REPOS/Github/M0Sense-BL702-Autocontenido/bl_mcu_sdk/drivers/bl702_driver/hal_drv/src/hal_common.c40
                0x0000000042014014       0x10 ../../libraries/bl702_driver/libbl702_driver.a(hal_common.c.obj)
                0x0000000042014014                cpu_global_irq_disable
 .tcm_code.D:/Documentos/REPOS/Github/M0Sense-BL702-Autocontenido/bl_mcu_sdk/drivers/bl702_driver/hal_drv/src/hal_flash.c130
                0x0000000042014024       0xf8 ../../libraries/bl702_driver/libbl702_driver.a(hal_flash.c.obj)
                0x0000000042014024                flash_init
 .tcm_code.D:/Documentos/REPOS/Github/M0Sense-BL702-Autocontenido/bl_mcu_sdk/drivers/bl702_driver/std_drv/src/bl702_glb.c3077
                0x000000004201411c      0x228 ../../libraries/bl702_driver/libbl702_driver.a(bl702_glb.c.obj)
                0x000000004201411c                GLB_GPIO_Init
 .tcm_code.D:/Documentos/REPOS/Github/M0Sense-BL702-Autocontenido/bl_mcu_sdk/drivers/bl702_driver/std_drv/src/bl702_glb.c3391
                0x0000000042014344      0x102 ../../libraries/bl702_driver/libbl702_driver.a(bl702_glb.c.obj)
                0x0000000042014344                GLB_GPIO_Set_HZ
 .tcm_code.D:/Documentos/REPOS/Github/M0Sense-BL702-Autocontenido/bl_mcu_sdk/drivers/bl702_driver/std_drv/src/bl702_l1c.c259
                0x0000000042014446       0x22 ../../libraries/bl702_driver/libbl702_driver.a(bl702_l1c.c.obj)
                0x0000000042014446                L1C_Cache_Flush_Ext
 .tcm_code.D:/Documentos/REPOS/Github/M0Sense-BL702-Autocontenido/bl_mcu_sdk/drivers/bl702_driver/std_drv/src/bl702_romapi.c51
                0x0000000042014468        0xa ../../libraries/bl702_driver/libbl702_driver.a(bl702_romapi.c.obj)
                0x0000000042014468                BL702_Delay_MS
 .tcm_code.D:/Documentos/REPOS/Github/M0Sense-BL702-Autocontenido/bl_mcu_sdk/drivers/bl702_driver/std_drv/src/bl702_romapi.c56
                0x0000000042014472        0xa ../../libraries/bl702_driver/libbl702_driver.a(bl702_romapi.c.obj)
                0x0000000042014472                arch_memcpy
 .tcm_code.D:/Documentos/REPOS/Github/M0Sense-BL702-Autocontenido/bl_mcu_sdk/drivers/bl702_driver/std_drv/src/bl702_romapi.c73
                0x000000004201447c        0xa ../../libraries/bl702_driver/libbl702_driver.a(bl702_romapi.c.obj)
                0x000000004201447c                arch_memcpy_fast
 .tcm_code.D:/Documentos/REPOS/Github/M0Sense-BL702-Autocontenido/bl_mcu_sdk/drivers/bl702_driver/std_drv/src/bl702_romapi.c90
                0x0000000042014486        0xa ../../libraries/bl702_driver/libbl702_driver.a(bl702_romapi.c.obj)
                0x0000000042014486                arch_memcmp
 .tcm_code.D:/Documentos/REPOS/Github/M0Sense-BL702-Autocontenido/bl_mcu_sdk/drivers/bl702_driver/std_drv/src/bl702_romapi.c95
                0x0000000042014490        0xa ../../libraries/bl702_driver/libbl702_driver.a(bl702_romapi.c.obj)
                0x0000000042014490                BFLB_Soft_CRC32
 .tcm_code.D:/Documentos/REPOS/Github/M0Sense-BL702-Autocontenido/bl_mcu_sdk/drivers/bl702_driver/std_drv/src/bl702_romapi.c489
                0x000000004201449a        0xa ../../libraries/bl702_driver/libbl702_driver.a(bl702_romapi.c.obj)
                0x000000004201449a                XIP_SFlash_State_Save
 .tcm_code.D:/Documentos/REPOS/Github/M0Sense-BL702-Autocontenido/bl_mcu_sdk/drivers/bl702_driver/std_drv/src/bl702_romapi.c496
                0x00000000420144a4        0xa ../../libraries/bl702_driver/libbl702_driver.a(bl702_romapi.c.obj)
                0x00000000420144a4                XIP_SFlash_State_Restore
 .tcm_code.D:/Documentos/REPOS/Github/M0Sense-BL702-Autocontenido/bl_mcu_sdk/drivers/bl702_driver/std_drv/src/bl702_romapi.c545
                0x00000000420144ae        0xa ../../libraries/bl702_driver/libbl702_driver.a(bl702_romapi.c.obj)
                0x00000000420144ae                XIP_SFlash_Read_Via_Cache_Need_Lock
 .tcm_code.D:/Documentos/REPOS/Github/M0Sense-BL702-Autocontenido/bl_mcu_sdk/drivers/bl702_driver/std_drv/src/bl702_romapi.c623
                0x00000000420144b8        0xa ../../libraries/bl702_driver/libbl702_driver.a(bl702_romapi.c.obj)
                0x00000000420144b8                SFlash_Qspi_Enable
 .tcm_code.D:/Documentos/REPOS/Github/M0Sense-BL702-Autocontenido/bl_mcu_sdk/drivers/bl702_driver/std_drv/src/bl702_romapi.c682
                0x00000000420144c2        0xa ../../libraries/bl702_driver/libbl702_driver.a(bl702_romapi.c.obj)
                0x00000000420144c2                SFlash_GetJedecId
 .tcm_code.D:/Documentos/REPOS/Github/M0Sense-BL702-Autocontenido/bl_mcu_sdk/drivers/bl702_driver/std_drv/src/bl702_romapi.c709
                0x00000000420144cc        0xa ../../libraries/bl702_driver/libbl702_driver.a(bl702_romapi.c.obj)
                0x00000000420144cc                SFlash_SetBurstWrap
 .tcm_code.D:/Documentos/REPOS/Github/M0Sense-BL702-Autocontenido/bl_mcu_sdk/drivers/bl702_driver/std_drv/src/bl702_romapi.c781
                0x00000000420144d6        0xa ../../libraries/bl702_driver/libbl702_driver.a(bl702_romapi.c.obj)
                0x00000000420144d6                L1C_Cache_Flush
 .tcm_code.D:/Documentos/REPOS/Github/M0Sense-BL702-Autocontenido/bl_mcu_sdk/drivers/bl702_driver/std_drv/src/bl702_romapi.c805
                0x00000000420144e0        0xa ../../libraries/bl702_driver/libbl702_driver.a(bl702_romapi.c.obj)
                0x00000000420144e0                L1C_Set_Wrap
 .tcm_code.D:/Documentos/REPOS/Github/M0Sense-BL702-Autocontenido/bl_mcu_sdk/drivers/bl702_driver/std_drv/src/bl702_romapi.c914
                0x00000000420144ea        0xa ../../libraries/bl702_driver/libbl702_driver.a(bl702_romapi.c.obj)
                0x00000000420144ea                SF_Ctrl_AES_Enable
 .tcm_code.D:/Documentos/REPOS/Github/M0Sense-BL702-Autocontenido/bl_mcu_sdk/drivers/bl702_driver/std_drv/src/bl702_romapi.c919
                0x00000000420144f4        0xa ../../libraries/bl702_driver/libbl702_driver.a(bl702_romapi.c.obj)
                0x00000000420144f4                SF_Ctrl_AES_Disable
 .tcm_code.D:/Documentos/REPOS/Github/M0Sense-BL702-Autocontenido/bl_mcu_sdk/drivers/bl702_driver/std_drv/src/bl702_romapi.c924
                0x00000000420144fe        0xa ../../libraries/bl702_driver/libbl702_driver.a(bl702_romapi.c.obj)
                0x00000000420144fe                SF_Ctrl_Is_AES_Enable
 .tcm_code.D:/Documentos/REPOS/Github/M0Sense-BL702-Autocontenido/bl_mcu_sdk/drivers/bl702_driver/std_drv/src/bl702_romapi.c985
                0x0000000042014508        0xa ../../libraries/bl702_driver/libbl702_driver.a(bl702_romapi.c.obj)
                0x0000000042014508                SF_Cfg_Get_Flash_Cfg_Need_Lock
 .tcm_code.D:/Documentos/REPOS/Github/M0Sense-BL702-Autocontenido/bl_mcu_sdk/drivers/bl702_driver/std_drv/src/bl702_sf_cfg_ext.c619
                0x0000000042014512       0xbe ../../libraries/bl702_driver/libbl702_driver.a(bl702_sf_cfg_ext.c.obj)
                0x0000000042014512                SF_Cfg_Get_Flash_Cfg_Need_Lock_Ext
 .tcm_code.D:/Documentos/REPOS/Github/M0Sense-BL702-Autocontenido/bl_mcu_sdk/drivers/bl702_driver/std_drv/src/bl702_xip_sflash.c91
                0x00000000420145d0       0x18 ../../libraries/bl702_driver/libbl702_driver.a(bl702_xip_sflash.c.obj)
                0x00000000420145d0                XIP_SFlash_Opt_Enter
 .tcm_code.D:/Documentos/REPOS/Github/M0Sense-BL702-Autocontenido/bl_mcu_sdk/drivers/bl702_driver/std_drv/src/bl702_xip_sflash.c108
                0x00000000420145e8        0xa ../../libraries/bl702_driver/libbl702_driver.a(bl702_xip_sflash.c.obj)
                0x00000000420145e8                XIP_SFlash_Opt_Exit
 *(.tcm_const.*)
 *fill*         0x00000000420145f2        0x2 
 .tcm_const.D:/Documentos/REPOS/Github/M0Sense-BL702-Autocontenido/bl_mcu_sdk/drivers/bl702_driver/std_drv/src/bl702_sf_cfg_ext.c172
                0x00000000420145f4       0x54 ../../libraries/bl702_driver/libbl702_driver.a(bl702_sf_cfg_ext.c.obj)
 .tcm_const.D:/Documentos/REPOS/Github/M0Sense-BL702-Autocontenido/bl_mcu_sdk/drivers/bl702_driver/std_drv/src/bl702_sf_cfg_ext.c270
                0x0000000042014648       0x54 ../../libraries/bl702_driver/libbl702_driver.a(bl702_sf_cfg_ext.c.obj)
 .tcm_const.D:/Documentos/REPOS/Github/M0Sense-BL702-Autocontenido/bl_mcu_sdk/drivers/bl702_driver/std_drv/src/bl702_sf_cfg_ext.c368
                0x000000004201469c       0x54 ../../libraries/bl702_driver/libbl702_driver.a(bl702_sf_cfg_ext.c.obj)
 .tcm_const.D:/Documentos/REPOS/Github/M0Sense-BL702-Autocontenido/bl_mcu_sdk/drivers/bl702_driver/std_drv/src/bl702_sf_cfg_ext.c466
                0x00000000420146f0       0xd8 ../../libraries/bl702_driver/libbl702_driver.a(bl702_sf_cfg_ext.c.obj)
 .tcm_const.D:/Documentos/REPOS/Github/M0Sense-BL702-Autocontenido/bl_mcu_sdk/drivers/bl702_driver/std_drv/src/bl702_sf_cfg_ext.c74
                0x00000000420147c8       0x54 ../../libraries/bl702_driver/libbl702_driver.a(bl702_sf_cfg_ext.c.obj)
 *(.sclock_rlt_code.*)
 .sclock_rlt_code.D:/Documentos/REPOS/Github/M0Sense-BL702-Autocontenido/bl_mcu_sdk/drivers/bl702_driver/std_drv/src/bl702_glb.c153
                0x000000004201481c       0x5a ../../libraries/bl702_driver/libbl702_driver.a(bl702_glb.c.obj)
                0x000000004201481c                GLB_Set_System_CLK_Div
 .sclock_rlt_code.D:/Documentos/REPOS/Github/M0Sense-BL702-Autocontenido/bl_mcu_sdk/drivers/bl702_driver/std_drv/src/bl702_hbn.c762
                0x0000000042014876       0x24 ../../libraries/bl702_driver/libbl702_driver.a(bl702_hbn.c.obj)
                0x0000000042014876                HBN_32K_Sel
 .sclock_rlt_code.D:/Documentos/REPOS/Github/M0Sense-BL702-Autocontenido/bl_mcu_sdk/drivers/bl702_driver/std_drv/src/bl702_hbn.c953
                0x000000004201489a       0x18 ../../libraries/bl702_driver/libbl702_driver.a(bl702_hbn.c.obj)
                0x000000004201489a                HBN_Power_Off_Xtal_32K
 .sclock_rlt_code.D:/Documentos/REPOS/Github/M0Sense-BL702-Autocontenido/bl_mcu_sdk/drivers/bl702_driver/std_drv/src/bl702_pds.c1042
                0x00000000420148b2       0xbc ../../libraries/bl702_driver/libbl702_driver.a(bl702_pds.c.obj)
                0x00000000420148b2                PDS_Set_Audio_PLL_Freq
 .sclock_rlt_code.D:/Documentos/REPOS/Github/M0Sense-BL702-Autocontenido/bl_mcu_sdk/drivers/bl702_driver/std_drv/src/bl702_romapi.c104
                0x000000004201496e        0xa ../../libraries/bl702_driver/libbl702_driver.a(bl702_romapi.c.obj)
                0x000000004201496e                GLB_Get_Root_CLK_Sel
 .sclock_rlt_code.D:/Documentos/REPOS/Github/M0Sense-BL702-Autocontenido/bl_mcu_sdk/drivers/bl702_driver/std_drv/src/bl702_romapi.c118
                0x0000000042014978        0xa ../../libraries/bl702_driver/libbl702_driver.a(bl702_romapi.c.obj)
                0x0000000042014978                GLB_Get_BCLK_Div
 .sclock_rlt_code.D:/Documentos/REPOS/Github/M0Sense-BL702-Autocontenido/bl_mcu_sdk/drivers/bl702_driver/std_drv/src/bl702_romapi.c125
                0x0000000042014982        0xa ../../libraries/bl702_driver/libbl702_driver.a(bl702_romapi.c.obj)
                0x0000000042014982                GLB_Get_HCLK_Div
 .sclock_rlt_code.D:/Documentos/REPOS/Github/M0Sense-BL702-Autocontenido/bl_mcu_sdk/drivers/bl702_driver/std_drv/src/bl702_romapi.c139
                0x000000004201498c        0xa ../../libraries/bl702_driver/libbl702_driver.a(bl702_romapi.c.obj)
                0x000000004201498c                GLB_Set_System_CLK
 .sclock_rlt_code.D:/Documentos/REPOS/Github/M0Sense-BL702-Autocontenido/bl_mcu_sdk/drivers/bl702_driver/std_drv/src/bl702_romapi.c356
                0x0000000042014996        0xa ../../libraries/bl702_driver/libbl702_driver.a(bl702_romapi.c.obj)
                0x0000000042014996                PDS_Trim_RC32M
 .sclock_rlt_code.D:/Documentos/REPOS/Github/M0Sense-BL702-Autocontenido/bl_mcu_sdk/drivers/bl702_driver/std_drv/src/bl702_romapi.c473
                0x00000000420149a0        0xa ../../libraries/bl702_driver/libbl702_driver.a(bl702_romapi.c.obj)
                0x00000000420149a0                HBN_Trim_RC32K
 *(.sclock_rlt_const.*)
 *bl702_glb*.o*(.rodata*)
 *bl702_pds*.o*(.rodata*)
 *fill*         0x00000000420149aa        0x2 
 .rodata        0x00000000420149ac       0x14 ../../libraries/bl702_driver/libbl702_driver.a(bl702_pds.c.obj)
 *bl702_common*.o*(.rodata*)
 *bl702_sf_cfg*.o*(.rodata*)
 .rodata.str1.4
                0x00000000420149c0      0x128 ../../libraries/bl702_driver/libbl702_driver.a(bl702_sf_cfg_ext.c.obj)
 *bl702_sf_cfg_ext*.o*(.rodata*)
 *bl702_sf_ctrl*.o*(.rodata*)
 *bl702_sflash*.o*(.rodata*)
 *bl702_sflash_ext*.o*(.rodata*)
 *bl702_xip_sflash*.o*(.rodata*)
 *bl702_xip_sflash_ext*.o*(.rodata*)
 *bl702_ef_ctrl*.o*(.rodata*)
                0x0000000042014ae8                . = ALIGN (0x4)
                0x0000000042014ae8                __tcm_code_end__ = .
                0x000000002300df7c                __hbn_load_addr = (__itcm_load_addr + SIZEOF (.itcm_region))

.rela.dyn       0x0000000042014ae8        0x0 load address 0x000000002300df7c
 .rela.text.bflb_platform_init
                0x0000000042014ae8        0x0 CMakeFiles/blink_baremetal_bl702.elf.dir/main.c.obj
 .rela.text.system_clock_init
                0x0000000042014ae8        0x0 CMakeFiles/blink_baremetal_bl702.elf.dir/main.c.obj
 .rela.text.metal.init.enter
                0x0000000042014ae8        0x0 CMakeFiles/blink_baremetal_bl702.elf.dir/main.c.obj
 .rela.text.start_load
                0x0000000042014ae8        0x0 CMakeFiles/blink_baremetal_bl702.elf.dir/main.c.obj
 .rela.init     0x0000000042014ae8        0x0 CMakeFiles/blink_baremetal_bl702.elf.dir/main.c.obj
 .rela.text._svfprintf_r
                0x0000000042014ae8        0x0 CMakeFiles/blink_baremetal_bl702.elf.dir/main.c.obj
 .rela.text._vfprintf_r
                0x0000000042014ae8        0x0 CMakeFiles/blink_baremetal_bl702.elf.dir/main.c.obj
 .rela.text.cdc_acm_class_request_handler
                0x0000000042014ae8        0x0 CMakeFiles/blink_baremetal_bl702.elf.dir/main.c.obj
 .rela.text.shell_init
                0x0000000042014ae8        0x0 CMakeFiles/blink_baremetal_bl702.elf.dir/main.c.obj

.hbn_ram_region
                0x0000000040010000        0x0 load address 0x000000002300df7c
                0x0000000040010000                . = ALIGN (0x4)
                0x0000000040010000                __hbn_ram_start__ = .
 *bl702_hbn_wakeup*.o*(.rodata*)
 *(.hbn_ram_code*)
 *(.hbn_ram_data)
                0x0000000040010000                . = ALIGN (0x4)
                0x0000000040010000                __hbn_ram_end__ = .
                0x000000002300df7c                __dtcm_load_addr = (__hbn_load_addr + SIZEOF (.hbn_ram_region))

.dtcm_region    0x0000000042014ae8        0x0 load address 0x000000002300df7c
                0x0000000042014ae8                . = ALIGN (0x4)
                0x0000000042014ae8                __tcm_data_start__ = .
 *(.tcm_data)
                0x0000000042014ae8                . = ALIGN (0x4)
                0x0000000042014ae8                __tcm_data_end__ = .

.stack_dummy    0x0000000042014ae8     0x1000 load address 0x000000002300df7c
                0x0000000042014ae8                . = ALIGN (0x4)
                0x0000000042015ae8                . = (. + StackSize)
 *fill*         0x0000000042014ae8     0x1000 
                0x0000000042015ae8                . = ALIGN (0x4)
                0x0000000042016000                __StackTop = (ORIGIN (dtcm_memory) + LENGTH (dtcm_memory))
                [!provide]                        PROVIDE (__freertos_irq_stack_top = __StackTop)
                0x0000000042015000                __StackLimit = (__StackTop - SIZEOF (.stack_dummy))
                0x0000000000000001                ASSERT ((__StackLimit >= __tcm_data_end__), region RAM overflowed with stack)
                0x000000002300df7c                __system_ram_load_addr = (__dtcm_load_addr + SIZEOF (.dtcm_region))

.system_ram_data_region
                0x0000000042016000        0x0 load address 0x000000002300df7c
                0x0000000042016000                . = ALIGN (0x4)
                0x0000000042016000                __system_ram_data_start__ = .
 *(.system_ram)
                0x0000000042016000                . = ALIGN (0x4)
                0x0000000042016000                __system_ram_data_end__ = .
                0x000000002300df7c                __ram_load_addr = (__system_ram_load_addr + SIZEOF (.system_ram_data_region))

RAM_DATA        0x0000000042016000      0x290 load address 0x000000002300df7c
                0x0000000042016000                . = ALIGN (0x4)
                0x0000000042016000                __ram_data_start__ = .
                0x0000000042016800                PROVIDE (__global_pointer$ = (. + 0x800))
 *(.data)
 *(.data.*)
 .data.uartx_device
                0x0000000042016000       0xa0 ../../libraries/bl702_driver/libbl702_driver.a(hal_uart.c.obj)
 .data.impure_data
                0x00000000420160a0       0x60 c:/riscv64-tools/bin/../lib/gcc/riscv64-unknown-elf/10.2.0/../../../../riscv64-unknown-elf/lib/rv32imafc/ilp32f\libc_nano.a(lib_a-impure.o)
 .data.__global_locale
                0x0000000042016100      0x16c c:/riscv64-tools/bin/../lib/gcc/riscv64-unknown-elf/10.2.0/../../../../riscv64-unknown-elf/lib/rv32imafc/ilp32f\libc_nano.a(lib_a-locale.o)
                0x0000000042016100                __global_locale
 .data.cdc_in_ep
                0x000000004201626c        0xc ../../libraries/usb_stdio/libusb_stdio.a(usb_stdio.c.obj)
 .data.cdc_out_ep